Archive member included to satisfy reference by file (symbol)

/Applications/VEXcode Pro V5.app/Contents/Resources/sdk/vexv5/libv5rt.a(v5_startup.c.obj)
                              (vexStartup)
/Applications/VEXcode Pro V5.app/Contents/Resources/sdk/vexv5/libv5rt.a(v5_util.c.obj)
                              /Applications/VEXcode Pro V5.app/Contents/Resources/sdk/vexv5/libv5rt.a(v5_startup.c.obj) (vexStdlibVersionLinked)
/Applications/VEXcode Pro V5.app/Contents/Resources/sdk/vexv5/libv5rt.a(v5_apijump.c.obj)
                              /Applications/VEXcode Pro V5.app/Contents/Resources/sdk/vexv5/libv5rt.a(v5_startup.c.obj) (vexPrivateApiEnable)
/Applications/VEXcode Pro V5.app/Contents/Resources/sdk/vexv5/libv5rt.a(v5_apiversions.c.obj)
                              /Applications/VEXcode Pro V5.app/Contents/Resources/sdk/vexv5/libv5rt.a(v5_apijump.c.obj) (vexSystemVersion)
/Applications/VEXcode Pro V5.app/Contents/Resources/sdk/vexv5/libv5rt.a(vex_global.cpp.obj)
                              build/src/AutoFunctions.o (vex::wait(double, vex::timeUnits))
/Applications/VEXcode Pro V5.app/Contents/Resources/sdk/vexv5/libv5rt.a(vex_motor.cpp.obj)
                              build/src/robot-config.o (vex::motor::~motor())
/Applications/VEXcode Pro V5.app/Contents/Resources/sdk/vexv5/libv5rt.a(vex_vision.cpp.obj)
                              build/src/robot-config.o (vex::vision::~vision())
/Applications/VEXcode Pro V5.app/Contents/Resources/sdk/vexv5/libv5rt.a(vex_imu.cpp.obj)
                              build/src/robot-config.o (vex::inertial::~inertial())
/Applications/VEXcode Pro V5.app/Contents/Resources/sdk/vexv5/libv5rt.a(vex_distance.cpp.obj)
                              build/src/robot-config.o (vex::distance::~distance())
/Applications/VEXcode Pro V5.app/Contents/Resources/sdk/vexv5/libv5rt.a(vex_controller.cpp.obj)
                              build/src/robot-config.o (vex::controller::~controller())
/Applications/VEXcode Pro V5.app/Contents/Resources/sdk/vexv5/libv5rt.a(vex_thread.cpp.obj)
                              build/src/AutoMasters.o (vex::thread::thread(int (*)()))
/Applications/VEXcode Pro V5.app/Contents/Resources/sdk/vexv5/libv5rt.a(vex_event.cpp.obj)
                              /Applications/VEXcode Pro V5.app/Contents/Resources/sdk/vexv5/libv5rt.a(vex_imu.cpp.obj) (vex::event::init(unsigned long, unsigned long, void (*)()))
/Applications/VEXcode Pro V5.app/Contents/Resources/sdk/vexv5/libv5rt.a(vex_mevent.cpp.obj)
                              /Applications/VEXcode Pro V5.app/Contents/Resources/sdk/vexv5/libv5rt.a(vex_controller.cpp.obj) (vex::mevent::mevent(unsigned long, unsigned long))
/Applications/VEXcode Pro V5.app/Contents/Resources/sdk/vexv5/libv5rt.a(vex_brain.cpp.obj)
                              build/src/AutoFunctions.o (vex::brain::timer(vex::timeUnits))
/Applications/VEXcode Pro V5.app/Contents/Resources/sdk/vexv5/libv5rt.a(vex_competition.cpp.obj)
                              build/src/main.o (vex::competition::competition())
/Applications/VEXcode Pro V5.app/Contents/Resources/sdk/vexv5/libv5rt.a(vex_triport.cpp.obj)
                              /Applications/VEXcode Pro V5.app/Contents/Resources/sdk/vexv5/libv5rt.a(vex_brain.cpp.obj) (vex::triport::~triport())
/Applications/VEXcode Pro V5.app/Contents/Resources/sdk/vexv5/libv5rt.a(vex_color.cpp.obj)
                              /Applications/VEXcode Pro V5.app/Contents/Resources/sdk/vexv5/libv5rt.a(vex_brain.cpp.obj) (vex::color::operator unsigned long() const)
/Applications/VEXcode Pro V5.app/Contents/Resources/sdk/vexv5/libv5rt.a(vex_timer.cpp.obj)
                              /Applications/VEXcode Pro V5.app/Contents/Resources/sdk/vexv5/libv5rt.a(vex_brain.cpp.obj) (vex::timer::~timer())
/Applications/VEXcode Pro V5.app/Contents/Resources/sdk/vexv5/libv5rt.a(v5_apiuser.c.obj)
                              /Applications/VEXcode Pro V5.app/Contents/Resources/sdk/vexv5/libv5rt.a(vex_triport.cpp.obj) (vexAdiPortConfigSet)
/Applications/VEXcode Pro V5.app/Contents/Resources/sdk/vexv5/libv5rt.a(vex_device.cpp.obj)
                              /Applications/VEXcode Pro V5.app/Contents/Resources/sdk/vexv5/libv5rt.a(vex_motor.cpp.obj) (vex::device::~device())
/Applications/VEXcode Pro V5.app/Contents/Resources/sdk/vexv5/libv5rt.a(vex_task.cpp.obj)
                              /Applications/VEXcode Pro V5.app/Contents/Resources/sdk/vexv5/libv5rt.a(vex_competition.cpp.obj) (vex::task::task(int (*)()))
/Applications/VEXcode Pro V5.app/Contents/Resources/sdk/vexv5/gcc/libs/libstdc++.a(fstream-inst.o)
                              build/src/EncoderOdometry.o (VTT for std::basic_ofstream<char, std::char_traits<char> >)
/Applications/VEXcode Pro V5.app/Contents/Resources/sdk/vexv5/gcc/libs/libstdc++.a(eh_exception.o)
                              /Applications/VEXcode Pro V5.app/Contents/Resources/sdk/vexv5/gcc/libs/libstdc++.a(fstream-inst.o) (typeinfo for __cxxabiv1::__forced_unwind)
[...]
Memory Configuration

Name             Origin             Length             Attributes
ps7_ddr_0_S_AXI_BASEADDR 0x0000000003800000 0x0000000004800000
*default*        0x0000000000000000 0xffffffffffffffff

Linker script and memory map

                0x0000000000002000                _STACK_SIZE = DEFINED (_STACK_SIZE)?_STACK_SIZE:0x2000
                0x0000000000100000                _HEAP_SIZE = DEFINED (_HEAP_SIZE)?_HEAP_SIZE:0x100000
                0x0000000000000400                _ABORT_STACK_SIZE = DEFINED (_ABORT_STACK_SIZE)?_ABORT_STACK_SIZE:0x400
                0x0000000000000800                _SUPERVISOR_STACK_SIZE = DEFINED (_SUPERVISOR_STACK_SIZE)?_SUPERVISOR_STACK_SIZE:0x800
                0x0000000000000400                _IRQ_STACK_SIZE = DEFINED (_IRQ_STACK_SIZE)?_IRQ_STACK_SIZE:0x400
                0x0000000000000400                _FIQ_STACK_SIZE = DEFINED (_FIQ_STACK_SIZE)?_FIQ_STACK_SIZE:0x400
                0x0000000000000400                _UNDEF_STACK_SIZE = DEFINED (_UNDEF_STACK_SIZE)?_UNDEF_STACK_SIZE:0x400

.text           0x0000000003800000     0x8028
 *(.vectors)
 *(.boot_data)
 .boot_data     0x0000000003800000       0x20 /Applications/VEXcode Pro V5.app/Contents/Resources/sdk/vexv5/libv5rt.a(v5_startup.c.obj)
                0x0000000003800000                vexCodeSig
                0x0000000000000020                . = 0x20
 *(.boot)
 .boot          0x0000000003800020       0xbc /Applications/VEXcode Pro V5.app/Contents/Resources/sdk/vexv5/libv5rt.a(v5_startup.c.obj)
                0x0000000003800020                vexStartup
                0x0000000003800100                . = ALIGN (0x40)
 *fill*         0x00000000038000dc       0x24 
 *(.freertos_vectors)
 *(.text)
 *(.text.*)
 .text._ZN13AutoFunctions18resetDriveEncodersEv
                0x0000000003800100       0x3c build/src/AutoFunctions.o
                0x0000000003800100                AutoFunctions::resetDriveEncoders()
 .text._ZN13AutoFunctions15avgDriveEncoderEv
                0x000000000380013c       0x88 build/src/AutoFunctions.o
                0x000000000380013c                AutoFunctions::avgDriveEncoder()
 .text._ZN13AutoFunctions18absAvgDriveEncoderEv
                0x00000000038001c4       0x98 build/src/AutoFunctions.o
                0x00000000038001c4                AutoFunctions::absAvgDriveEncoder()
 .text._ZN13AutoFunctions5driveEid
                0x000000000380025c      0x164 build/src/AutoFunctions.o
                0x000000000380025c                AutoFunctions::drive(int, double)
 .text._ZN13AutoFunctions10brakeDriveEv
                0x00000000038003c0       0x58 build/src/AutoFunctions.o
                0x00000000038003c0                AutoFunctions::brakeDrive()
 .text._ZN13AutoFunctions11autoForwardEdddd
                0x0000000003800418      0x1d4 build/src/AutoFunctions.o
                0x0000000003800418                AutoFunctions::autoForward(double, double, double, double)
 *fill*         0x00000000038005ec        0x4 
 .text._ZN13AutoFunctions6cIndexEv
                0x00000000038005f0      0x108 build/src/AutoFunctions.o
                0x00000000038005f0                AutoFunctions::cIndex()
 .text._ZN13AutoFunctions12timeOutDriveEdd
                0x00000000038006f8      0x174 build/src/AutoFunctions.o
                0x00000000038006f8                AutoFunctions::timeOutDrive(double, double)
 *fill*         0x000000000380086c        0x4 
 .text._ZN13AutoFunctions10indexSenseEv
                0x0000000003800870      0x120 build/src/AutoFunctions.o
                0x0000000003800870                AutoFunctions::indexSense()
 .text._ZN13AutoFunctions12autoBackwardEdddd
                0x0000000003800990      0x1ec build/src/AutoFunctions.o
                0x0000000003800990                AutoFunctions::autoBackward(double, double, double, double)
 .text._ZN13AutoFunctions10autoTurnToEd
                0x0000000003800b7c      0x1d8 build/src/AutoFunctions.o
                0x0000000003800b7c                AutoFunctions::autoTurnTo(double)
 .text._ZN13AutoFunctions6intakeEd
                0x0000000003800d54       0x64 build/src/AutoFunctions.o
                0x0000000003800d54                AutoFunctions::intake(double)
 .text._ZN13AutoFunctions10openIntakeEv
                0x0000000003800db8      0x2c0 build/src/AutoFunctions.o
                0x0000000003800db8                AutoFunctions::openIntake()
 .text._ZN13AutoFunctions11intakeBrakeEv
                0x0000000003801078       0x38 build/src/AutoFunctions.o
                0x0000000003801078                AutoFunctions::intakeBrake()
 .text._ZN13AutoFunctions12indexerBrakeEv
                0x00000000038010b0       0x38 build/src/AutoFunctions.o
                0x00000000038010b0                AutoFunctions::indexerBrake()
 .text._ZN13AutoFunctions7flipoutEv
                0x00000000038010e8       0x64 build/src/AutoFunctions.o
                0x00000000038010e8                AutoFunctions::flipout()
 .text._ZN11AutoMasters11runOdometryEv
                0x000000000380114c        0xc build/src/AutoMasters.o
                0x000000000380114c                AutoMasters::runOdometry()
 .text._Z11indexThreadv
                0x0000000003801158       0x54 build/src/AutoMasters.o
                0x0000000003801158                indexThread()
 *fill*         0x00000000038011ac        0x4 
 .text._Z12intakeThreadv
                0x00000000038011b0      0x188 build/src/AutoMasters.o
                0x00000000038011b0                intakeThread()
 .text._ZN11AutoMasters7LRTAutoEv
                0x0000000003801338      0x330 build/src/AutoMasters.o
                0x0000000003801338                AutoMasters::LRTAuto()
 .text._ZN11AutoMasters9rightHomeEv
                0x0000000003801668       0xa8 build/src/AutoMasters.o
                0x0000000003801668                AutoMasters::rightHome()
 .text._ZN11AutoMasters8leftHomeEv
                0x0000000003801710       0xa8 build/src/AutoMasters.o
                0x0000000003801710                AutoMasters::leftHome()
 .text._ZN11AutoMasters16leftTwoAndMiddleEv
                0x00000000038017b8       0xa8 build/src/AutoMasters.o
                0x00000000038017b8                AutoMasters::leftTwoAndMiddle()
 .text._ZN11AutoMasters15rightTwoAndSideEv
                0x0000000003801860       0xa8 build/src/AutoMasters.o
                0x0000000003801860                AutoMasters::rightTwoAndSide()
 .text._ZN10DriveClass11runTankBaseEv
                0x0000000003801908      0x18c build/src/DriveClass.o
                0x0000000003801908                DriveClass::runTankBase()
 *fill*         0x0000000003801a94        0x4 
 .text._ZN10DriveClass5indexEv
                0x0000000003801a98      0x118 build/src/DriveClass.o
                0x0000000003801a98                DriveClass::index()
 .text._ZN10DriveClass6cIndexEv
                0x0000000003801bb0      0x140 build/src/DriveClass.o
                0x0000000003801bb0                DriveClass::cIndex()
 .text._ZN10DriveClass9newIntakeEv
                0x0000000003801cf0      0x160 build/src/DriveClass.o
                0x0000000003801cf0                DriveClass::newIntake()
 .text._ZN10DriveClass10indexSenseEv
                0x0000000003801e50      0x120 build/src/DriveClass.o
                0x0000000003801e50                DriveClass::indexSense()
 .text._ZN10DriveClass5scoreEv
                0x0000000003801f70      0x260 build/src/DriveClass.o
                0x0000000003801f70                DriveClass::score()
 .text._ZN10DriveClass13resetScoreNumEv
                0x00000000038021d0        0xc build/src/DriveClass.o
                0x00000000038021d0                DriveClass::resetScoreNum()
 *fill*         0x00000000038021dc        0x4 
 .text._ZN15EncoderOdometry15computeLocationEv
                0x00000000038021e0      0x378 build/src/EncoderOdometry.o
                0x00000000038021e0                EncoderOdometry::computeLocation()
 .text._ZN15EncoderOdometry9writeToSDEv
                0x0000000003802558      0x184 build/src/EncoderOdometry.o
                0x0000000003802558                EncoderOdometry::writeToSD()
 *fill*         0x00000000038026dc        0x4 
 .text._ZN15EncoderOdometry16printCoordinatesEv
                0x00000000038026e0      0x178 build/src/EncoderOdometry.o
                0x00000000038026e0                EncoderOdometry::printCoordinates()
 .text._ZN8Odometry5setXYEv
                0x0000000003802858       0x3c build/src/Odometry.o
                0x0000000003802858                Odometry::setXY()
 *fill*         0x0000000003802894        0x4 
 .text._ZN8Odometry7pursuitEdddddd
                0x0000000003802898      0x8a0 build/src/Odometry.o
                0x0000000003802898                Odometry::pursuit(double, double, double, double, double, double)
 .text._ZN8Odometry7pursuitEddd
                0x0000000003803138       0x40 build/src/Odometry.o
                0x0000000003803138                Odometry::pursuit(double, double, double)
 .text._Z9pre_autonv
                0x0000000003803178      0x160 build/src/main.o
                0x0000000003803178                pre_auton()
 .text._Z14odometryThreadv
                0x00000000038032d8       0x40 build/src/main.o
                0x00000000038032d8                odometryThread()
 .text._Z10autonomousv
                0x0000000003803318       0xb0 build/src/main.o
                0x0000000003803318                autonomous()
 .text._Z11usercontrolv
                0x00000000038033c8      0x14c build/src/main.o
                0x00000000038033c8                usercontrol()
 .text.main     0x0000000003803514       0x34 build/src/main.o
                0x0000000003803514                main
 .text._GLOBAL__sub_I_main.cpp
                0x0000000003803548      0x288 build/src/main.o
 .text._ZN3vex6visionC2IJNS0_9signatureES2_S2_S2_S2_S2_S2_EEElhDpRT_
                0x00000000038037d0       0x64 build/src/robot-config.o
                0x00000000038037d0                vex::vision::vision<vex::vision::signature, vex::vision::signature, vex::vision::signature, vex::vision::signature, vex::vision::signature, vex::vision::signature, vex::vision::signature>(long, unsigned char, vex::vision::signature&, vex::vision::signature&, vex::vision::signature&, vex::vision::signature&, vex::vision::signature&, vex::vision::signature&, vex::vision::signature&)
 .text._Z11vexcodeInitv
                0x0000000003803834        0x4 build/src/robot-config.o
                0x0000000003803834                vexcodeInit()
 .text._ZN3vex6vision7_setsigINS0_9signatureEJS2_S2_S2_S2_EEEvRT_DpRT0_
                0x0000000003803838       0x4c build/src/robot-config.o
                0x0000000003803838                void vex::vision::_setsig<vex::vision::signature, vex::vision::signature, vex::vision::signature, vex::vision::signature, vex::vision::signature>(vex::vision::signature&, vex::vision::signature&, vex::vision::signature&, vex::vision::signature&, vex::vision::signature&)
 .text._GLOBAL__sub_I_robot_config.cpp
                0x0000000003803884      0x6a4 build/src/robot-config.o
 .text.vexMain  0x0000000003803f28       0xb0 /Applications/VEXcode Pro V5.app/Contents/Resources/sdk/vexv5/libv5rt.a(v5_startup.c.obj)
                0x0000000003803f28                vexMain
 .text.__vex_function_prolog
                0x0000000003803fd8       0x18 /Applications/VEXcode Pro V5.app/Contents/Resources/sdk/vexv5/libv5rt.a(v5_startup.c.obj)
                0x0000000003803fd8                __vex_function_prolog
 .text._init    0x0000000003803ff0        0x4 /Applications/VEXcode Pro V5.app/Contents/Resources/sdk/vexv5/libv5rt.a(v5_startup.c.obj)
                0x0000000003803ff0                _init
 .text._fini    0x0000000003803ff4        0x4 /Applications/VEXcode Pro V5.app/Contents/Resources/sdk/vexv5/libv5rt.a(v5_startup.c.obj)
                0x0000000003803ff4                _fini
 .text.vexStdlibVersionLinked
                0x0000000003803ff8        0xc /Applications/VEXcode Pro V5.app/Contents/Resources/sdk/vexv5/libv5rt.a(v5_util.c.obj)
                0x0000000003803ff8                vexStdlibVersionLinked
 .text.vexStdlibVersionVerify
                0x0000000003804004       0x30 /Applications/VEXcode Pro V5.app/Contents/Resources/sdk/vexv5/libv5rt.a(v5_util.c.obj)
                0x0000000003804004                vexStdlibVersionVerify
 .text.vexPrivateApiEnable
                0x0000000003804034       0x10 /Applications/VEXcode Pro V5.app/Contents/Resources/sdk/vexv5/libv5rt.a(v5_apijump.c.obj)
                0x0000000003804034                vexPrivateApiEnable
 .text.vexStdlibMismatchError
                0x0000000003804044       0x3c /Applications/VEXcode Pro V5.app/Contents/Resources/sdk/vexv5/libv5rt.a(v5_apijump.c.obj)
                0x0000000003804044                vexStdlibMismatchError
 .text.vexTaskAdd
                0x0000000003804080       0x10 /Applications/VEXcode Pro V5.app/Contents/Resources/sdk/vexv5/libv5rt.a(v5_apijump.c.obj)
                0x0000000003804080                vexTaskAdd
 .text.vexTasksRun
                0x0000000003804090       0x10 /Applications/VEXcode Pro V5.app/Contents/Resources/sdk/vexv5/libv5rt.a(v5_apijump.c.obj)
                0x0000000003804090                vexTasksRun
 .text.vexTaskYield
                0x00000000038040a0       0x10 /Applications/VEXcode Pro V5.app/Contents/Resources/sdk/vexv5/libv5rt.a(v5_apijump.c.obj)
                0x00000000038040a0                vexTaskYield
 .text.vexTaskCheckTimeslice
                0x00000000038040b0       0x10 /Applications/VEXcode Pro V5.app/Contents/Resources/sdk/vexv5/libv5rt.a(v5_apijump.c.obj)
                0x00000000038040b0                vexTaskCheckTimeslice
 .text.vexTaskSleep
                0x00000000038040c0       0x10 /Applications/VEXcode Pro V5.app/Contents/Resources/sdk/vexv5/libv5rt.a(v5_apijump.c.obj)
                0x00000000038040c0                vexTaskSleep
 .text.vexTasksDump
                0x00000000038040d0       0x1c /Applications/VEXcode Pro V5.app/Contents/Resources/sdk/vexv5/libv5rt.a(v5_apijump.c.obj)
                0x00000000038040d0                vexTasksDump
 .text.vexTaskGetTaskIndex
                0x00000000038040ec       0x10 /Applications/VEXcode Pro V5.app/Contents/Resources/sdk/vexv5/libv5rt.a(v5_apijump.c.obj)
                0x00000000038040ec                vexTaskGetTaskIndex
 .text.vexTaskStopAll
                0x00000000038040fc       0x10 /Applications/VEXcode Pro V5.app/Contents/Resources/sdk/vexv5/libv5rt.a(v5_apijump.c.obj)
                0x00000000038040fc                vexTaskStopAll
 .text.vexTaskRemoveAllUser
                0x000000000380410c       0x34 /Applications/VEXcode Pro V5.app/Contents/Resources/sdk/vexv5/libv5rt.a(v5_apijump.c.obj)
                0x000000000380410c                vexTaskRemoveAllUser
 .text.vexTaskCompletionIdSet
                0x0000000003804140       0x10 /Applications/VEXcode Pro V5.app/Contents/Resources/sdk/vexv5/libv5rt.a(v5_apijump.c.obj)
                0x0000000003804140                vexTaskCompletionIdSet
 .text.vexTaskStopWithId
                0x0000000003804150       0x10 /Applications/VEXcode Pro V5.app/Contents/Resources/sdk/vexv5/libv5rt.a(v5_apijump.c.obj)
                0x0000000003804150                vexTaskStopWithId
 .text.vexCriticalSection
                0x0000000003804160       0x2c /Applications/VEXcode Pro V5.app/Contents/Resources/sdk/vexv5/libv5rt.a(v5_apijump.c.obj)
                0x0000000003804160                vexCriticalSection
 .text.vexEventAdd
                0x000000000380418c       0x34 /Applications/VEXcode Pro V5.app/Contents/Resources/sdk/vexv5/libv5rt.a(v5_apijump.c.obj)
                0x000000000380418c                vexEventAdd
 .text.vexEventUserIndexGet
                0x00000000038041c0       0x1c /Applications/VEXcode Pro V5.app/Contents/Resources/sdk/vexv5/libv5rt.a(v5_apijump.c.obj)
                0x00000000038041c0                vexEventUserIndexGet
 .text.vexEventAddWithArg
                0x00000000038041dc       0x3c /Applications/VEXcode Pro V5.app/Contents/Resources/sdk/vexv5/libv5rt.a(v5_apijump.c.obj)
                0x00000000038041dc                vexEventAddWithArg
 .text.vexEventsCleanup
                0x0000000003804218       0x2c /Applications/VEXcode Pro V5.app/Contents/Resources/sdk/vexv5/libv5rt.a(v5_apijump.c.obj)
                0x0000000003804218                vexEventsCleanup
 .text.vexDebug
                0x0000000003804244       0x38 /Applications/VEXcode Pro V5.app/Contents/Resources/sdk/vexv5/libv5rt.a(v5_apijump.c.obj)
                0x0000000003804244                vexDebug
 .text.vex_sprintf
                0x000000000380427c       0x40 /Applications/VEXcode Pro V5.app/Contents/Resources/sdk/vexv5/libv5rt.a(v5_apijump.c.obj)
                0x000000000380427c                vex_sprintf
 .text.vex_vsnprintf
                0x00000000038042bc       0x3c /Applications/VEXcode Pro V5.app/Contents/Resources/sdk/vexv5/libv5rt.a(v5_apijump.c.obj)
                0x00000000038042bc                vex_vsnprintf
 .text.vexSystemTimeGet
                0x00000000038042f8       0x1c /Applications/VEXcode Pro V5.app/Contents/Resources/sdk/vexv5/libv5rt.a(v5_apijump.c.obj)
                0x00000000038042f8                vexSystemTimeGet
 .text.vexSystemExitRequest
                0x0000000003804314       0x1c /Applications/VEXcode Pro V5.app/Contents/Resources/sdk/vexv5/libv5rt.a(v5_apijump.c.obj)
                0x0000000003804314                vexSystemExitRequest
 .text.vexDeviceGetByIndex
                0x0000000003804330       0x24 /Applications/VEXcode Pro V5.app/Contents/Resources/sdk/vexv5/libv5rt.a(v5_apijump.c.obj)
                0x0000000003804330                vexDeviceGetByIndex
 .text.vexControllerGet
                0x0000000003804354       0x2c /Applications/VEXcode Pro V5.app/Contents/Resources/sdk/vexv5/libv5rt.a(v5_apijump.c.obj)
                0x0000000003804354                vexControllerGet
 .text.vexDeviceAdiPortConfigSet
                0x0000000003804380       0x34 /Applications/VEXcode Pro V5.app/Contents/Resources/sdk/vexv5/libv5rt.a(v5_apijump.c.obj)
                0x0000000003804380                vexDeviceAdiPortConfigSet
 .text.vexDeviceAdiPortConfigGet
                0x00000000038043b4       0x2c /Applications/VEXcode Pro V5.app/Contents/Resources/sdk/vexv5/libv5rt.a(v5_apijump.c.obj)
                0x00000000038043b4                vexDeviceAdiPortConfigGet
 .text.vexDeviceAdiValueGet
                0x00000000038043e0       0x2c /Applications/VEXcode Pro V5.app/Contents/Resources/sdk/vexv5/libv5rt.a(v5_apijump.c.obj)
                0x00000000038043e0                vexDeviceAdiValueGet
 .text.vexDeviceMotorVelocitySet
                0x000000000380440c       0x2c /Applications/VEXcode Pro V5.app/Contents/Resources/sdk/vexv5/libv5rt.a(v5_apijump.c.obj)
                0x000000000380440c                vexDeviceMotorVelocitySet
 .text.vexDeviceMotorActualVelocityGet
                0x0000000003804438       0x24 /Applications/VEXcode Pro V5.app/Contents/Resources/sdk/vexv5/libv5rt.a(v5_apijump.c.obj)
                0x0000000003804438                vexDeviceMotorActualVelocityGet
 .text.vexDeviceMotorEfficiencyGet
                0x000000000380445c       0x24 /Applications/VEXcode Pro V5.app/Contents/Resources/sdk/vexv5/libv5rt.a(v5_apijump.c.obj)
                0x000000000380445c                vexDeviceMotorEfficiencyGet
 .text.vexDeviceMotorZeroPositionFlagGet
                0x0000000003804480       0x24 /Applications/VEXcode Pro V5.app/Contents/Resources/sdk/vexv5/libv5rt.a(v5_apijump.c.obj)
                0x0000000003804480                vexDeviceMotorZeroPositionFlagGet
 .text.vexDeviceMotorReverseFlagSet
                0x00000000038044a4       0x2c /Applications/VEXcode Pro V5.app/Contents/Resources/sdk/vexv5/libv5rt.a(v5_apijump.c.obj)
                0x00000000038044a4                vexDeviceMotorReverseFlagSet
 .text.vexDeviceMotorEncoderUnitsSet
                0x00000000038044d0       0x2c /Applications/VEXcode Pro V5.app/Contents/Resources/sdk/vexv5/libv5rt.a(v5_apijump.c.obj)
                0x00000000038044d0                vexDeviceMotorEncoderUnitsSet
 .text.vexDeviceMotorBrakeModeSet
                0x00000000038044fc       0x2c /Applications/VEXcode Pro V5.app/Contents/Resources/sdk/vexv5/libv5rt.a(v5_apijump.c.obj)
                0x00000000038044fc                vexDeviceMotorBrakeModeSet
 .text.vexDeviceMotorPositionSet
                0x0000000003804528       0x34 /Applications/VEXcode Pro V5.app/Contents/Resources/sdk/vexv5/libv5rt.a(v5_apijump.c.obj)
                0x0000000003804528                vexDeviceMotorPositionSet
 .text.vexDeviceMotorPositionGet
                0x000000000380455c       0x24 /Applications/VEXcode Pro V5.app/Contents/Resources/sdk/vexv5/libv5rt.a(v5_apijump.c.obj)
                0x000000000380455c                vexDeviceMotorPositionGet
 .text.vexDeviceMotorRelativeTargetSet
                0x0000000003804580       0x3c /Applications/VEXcode Pro V5.app/Contents/Resources/sdk/vexv5/libv5rt.a(v5_apijump.c.obj)
                0x0000000003804580                vexDeviceMotorRelativeTargetSet
 .text.vexDeviceMotorGearingSet
                0x00000000038045bc       0x2c /Applications/VEXcode Pro V5.app/Contents/Resources/sdk/vexv5/libv5rt.a(v5_apijump.c.obj)
                0x00000000038045bc                vexDeviceMotorGearingSet
 .text.vexDeviceMotorGearingGet
                0x00000000038045e8       0x24 /Applications/VEXcode Pro V5.app/Contents/Resources/sdk/vexv5/libv5rt.a(v5_apijump.c.obj)
                0x00000000038045e8                vexDeviceMotorGearingGet
 .text.vexDeviceVisionModeSet
                0x000000000380460c       0x2c /Applications/VEXcode Pro V5.app/Contents/Resources/sdk/vexv5/libv5rt.a(v5_apijump.c.obj)
                0x000000000380460c                vexDeviceVisionModeSet
 .text.vexDeviceVisionObjectCountGet
                0x0000000003804638       0x24 /Applications/VEXcode Pro V5.app/Contents/Resources/sdk/vexv5/libv5rt.a(v5_apijump.c.obj)
                0x0000000003804638                vexDeviceVisionObjectCountGet
 .text.vexDeviceVisionObjectGet
                0x000000000380465c       0x34 /Applications/VEXcode Pro V5.app/Contents/Resources/sdk/vexv5/libv5rt.a(v5_apijump.c.obj)
                0x000000000380465c                vexDeviceVisionObjectGet
 .text.vexDeviceVisionSignatureSet
                0x0000000003804690       0x2c /Applications/VEXcode Pro V5.app/Contents/Resources/sdk/vexv5/libv5rt.a(v5_apijump.c.obj)
                0x0000000003804690                vexDeviceVisionSignatureSet
 .text.vexDeviceVisionBrightnessSet
                0x00000000038046bc       0x2c /Applications/VEXcode Pro V5.app/Contents/Resources/sdk/vexv5/libv5rt.a(v5_apijump.c.obj)
                0x00000000038046bc                vexDeviceVisionBrightnessSet
 .text.vexDeviceVisionLedModeSet
                0x00000000038046e8       0x2c /Applications/VEXcode Pro V5.app/Contents/Resources/sdk/vexv5/libv5rt.a(v5_apijump.c.obj)
                0x00000000038046e8                vexDeviceVisionLedModeSet
 .text.vexDeviceVisionLedColorSet
                0x0000000003804714       0x30 /Applications/VEXcode Pro V5.app/Contents/Resources/sdk/vexv5/libv5rt.a(v5_apijump.c.obj)
                0x0000000003804714                vexDeviceVisionLedColorSet
 .text.vexDeviceImuReset
                0x0000000003804744       0x24 /Applications/VEXcode Pro V5.app/Contents/Resources/sdk/vexv5/libv5rt.a(v5_apijump.c.obj)
                0x0000000003804744                vexDeviceImuReset
 .text.vexDeviceImuHeadingGet
                0x0000000003804768       0x24 /Applications/VEXcode Pro V5.app/Contents/Resources/sdk/vexv5/libv5rt.a(v5_apijump.c.obj)
                0x0000000003804768                vexDeviceImuHeadingGet
 .text.vexDeviceImuDegreesGet
                0x000000000380478c       0x24 /Applications/VEXcode Pro V5.app/Contents/Resources/sdk/vexv5/libv5rt.a(v5_apijump.c.obj)
                0x000000000380478c                vexDeviceImuDegreesGet
 .text.vexDeviceImuStatusGet
                0x00000000038047b0       0x24 /Applications/VEXcode Pro V5.app/Contents/Resources/sdk/vexv5/libv5rt.a(v5_apijump.c.obj)
                0x00000000038047b0                vexDeviceImuStatusGet
 .text.vexDeviceDistanceDistanceGet
                0x00000000038047d4       0x24 /Applications/VEXcode Pro V5.app/Contents/Resources/sdk/vexv5/libv5rt.a(v5_apijump.c.obj)
                0x00000000038047d4                vexDeviceDistanceDistanceGet
 .text.vexDeviceDistanceObjectSizeGet
                0x00000000038047f8       0x24 /Applications/VEXcode Pro V5.app/Contents/Resources/sdk/vexv5/libv5rt.a(v5_apijump.c.obj)
                0x00000000038047f8                vexDeviceDistanceObjectSizeGet
 .text.vexDisplayForegroundColor
                0x000000000380481c       0x24 /Applications/VEXcode Pro V5.app/Contents/Resources/sdk/vexv5/libv5rt.a(v5_apijump.c.obj)
                0x000000000380481c                vexDisplayForegroundColor
 .text.vexDisplayBackgroundColor
                0x0000000003804840       0x24 /Applications/VEXcode Pro V5.app/Contents/Resources/sdk/vexv5/libv5rt.a(v5_apijump.c.obj)
                0x0000000003804840                vexDisplayBackgroundColor
 .text.vexDisplayBackgroundColorGet
                0x0000000003804864       0x1c /Applications/VEXcode Pro V5.app/Contents/Resources/sdk/vexv5/libv5rt.a(v5_apijump.c.obj)
                0x0000000003804864                vexDisplayBackgroundColorGet
 .text.vexDisplayRectDraw
                0x0000000003804880       0x4c /Applications/VEXcode Pro V5.app/Contents/Resources/sdk/vexv5/libv5rt.a(v5_apijump.c.obj)
                0x0000000003804880                vexDisplayRectDraw
 .text.vexDisplayRectClear
                0x00000000038048cc       0x4c /Applications/VEXcode Pro V5.app/Contents/Resources/sdk/vexv5/libv5rt.a(v5_apijump.c.obj)
                0x00000000038048cc                vexDisplayRectClear
 .text.vexDisplayCircleDraw
                0x0000000003804918       0x40 /Applications/VEXcode Pro V5.app/Contents/Resources/sdk/vexv5/libv5rt.a(v5_apijump.c.obj)
                0x0000000003804918                vexDisplayCircleDraw
 .text.vexDisplayCircleClear
                0x0000000003804958       0x40 /Applications/VEXcode Pro V5.app/Contents/Resources/sdk/vexv5/libv5rt.a(v5_apijump.c.obj)
                0x0000000003804958                vexDisplayCircleClear
 .text.vexDisplayPrintf
                0x0000000003804998       0x68 /Applications/VEXcode Pro V5.app/Contents/Resources/sdk/vexv5/libv5rt.a(v5_apijump.c.obj)
                0x0000000003804998                vexDisplayPrintf
 .text.vexDisplayTextReference
                0x0000000003804a00       0x24 /Applications/VEXcode Pro V5.app/Contents/Resources/sdk/vexv5/libv5rt.a(v5_apijump.c.obj)
                0x0000000003804a00                vexDisplayTextReference
 .text.vexDisplayTextSize
                0x0000000003804a24       0x2c /Applications/VEXcode Pro V5.app/Contents/Resources/sdk/vexv5/libv5rt.a(v5_apijump.c.obj)
                0x0000000003804a24                vexDisplayTextSize
 .text.vexDisplayFontNamedSet
                0x0000000003804a50       0x24 /Applications/VEXcode Pro V5.app/Contents/Resources/sdk/vexv5/libv5rt.a(v5_apijump.c.obj)
                0x0000000003804a50                vexDisplayFontNamedSet
 .text.vexDisplayStringWidthGet
                0x0000000003804a74       0x24 /Applications/VEXcode Pro V5.app/Contents/Resources/sdk/vexv5/libv5rt.a(v5_apijump.c.obj)
                0x0000000003804a74                vexDisplayStringWidthGet
 .text.vexDisplayPenSizeGet
                0x0000000003804a98       0x1c /Applications/VEXcode Pro V5.app/Contents/Resources/sdk/vexv5/libv5rt.a(v5_apijump.c.obj)
                0x0000000003804a98                vexDisplayPenSizeGet
 .text.vexFileDriveStatus
                0x0000000003804ab4       0x24 /Applications/VEXcode Pro V5.app/Contents/Resources/sdk/vexv5/libv5rt.a(v5_apijump.c.obj)
                0x0000000003804ab4                vexFileDriveStatus
 .text.vexSystemStdlibImpureDataAddr
                0x0000000003804ad8       0x28 /Applications/VEXcode Pro V5.app/Contents/Resources/sdk/vexv5/libv5rt.a(v5_apijump.c.obj)
                0x0000000003804ad8                vexSystemStdlibImpureDataAddr
 .text.vexSystemStdlibImpureDataSize
                0x0000000003804b00       0x28 /Applications/VEXcode Pro V5.app/Contents/Resources/sdk/vexv5/libv5rt.a(v5_apijump.c.obj)
                0x0000000003804b00                vexSystemStdlibImpureDataSize
 .text.vexSystemSaveUserData
                0x0000000003804b28       0x3c /Applications/VEXcode Pro V5.app/Contents/Resources/sdk/vexv5/libv5rt.a(v5_apijump.c.obj)
                0x0000000003804b28                vexSystemSaveUserData
 .text.vexDisplayThemeIdGet
                0x0000000003804b64       0x38 /Applications/VEXcode Pro V5.app/Contents/Resources/sdk/vexv5/libv5rt.a(v5_apijump.c.obj)
                0x0000000003804b64                vexDisplayThemeIdGet
 .text.vexDeviceEventMaskSet
                0x0000000003804b9c       0x48 /Applications/VEXcode Pro V5.app/Contents/Resources/sdk/vexv5/libv5rt.a(v5_apijump.c.obj)
                0x0000000003804b9c                vexDeviceEventMaskSet
 .text.vexDeviceEventMaskGet
                0x0000000003804be4       0x3c /Applications/VEXcode Pro V5.app/Contents/Resources/sdk/vexv5/libv5rt.a(v5_apijump.c.obj)
                0x0000000003804be4                vexDeviceEventMaskGet
 .text.vexSystemVersion
                0x0000000003804c20       0x10 /Applications/VEXcode Pro V5.app/Contents/Resources/sdk/vexv5/libv5rt.a(v5_apiversions.c.obj)
                0x0000000003804c20                vexSystemVersion
 .text.vexStdlibVersion
                0x0000000003804c30       0x10 /Applications/VEXcode Pro V5.app/Contents/Resources/sdk/vexv5/libv5rt.a(v5_apiversions.c.obj)
                0x0000000003804c30                vexStdlibVersion
 .text._ZN3vex4waitEdNS_9timeUnitsE
                0x0000000003804c40       0x30 /Applications/VEXcode Pro V5.app/Contents/Resources/sdk/vexv5/libv5rt.a(vex_global.cpp.obj)
                0x0000000003804c40                vex::wait(double, vex::timeUnits)
 .text._ZN3vex5motorD2Ev
                0x0000000003804c70       0x20 /Applications/VEXcode Pro V5.app/Contents/Resources/sdk/vexv5/libv5rt.a(vex_motor.cpp.obj)
                0x0000000003804c70                vex::motor::~motor()
                0x0000000003804c70                vex::motor::~motor()
 .text._ZN3vex5motorD0Ev
                0x0000000003804c90       0x1c /Applications/VEXcode Pro V5.app/Contents/Resources/sdk/vexv5/libv5rt.a(vex_motor.cpp.obj)
                0x0000000003804c90                vex::motor::~motor()
 .text._ZN3vex5motor9installedEv
                0x0000000003804cac       0x18 /Applications/VEXcode Pro V5.app/Contents/Resources/sdk/vexv5/libv5rt.a(vex_motor.cpp.obj)
                0x0000000003804cac                vex::motor::installed()
 .text._ZN3vex5motor15defaultStoppingENS_9brakeTypeE
                0x0000000003804cc4       0x30 /Applications/VEXcode Pro V5.app/Contents/Resources/sdk/vexv5/libv5rt.a(vex_motor.cpp.obj)
                0x0000000003804cc4                vex::motor::defaultStopping(vex::brakeType)
 .text._ZN3vex5motorC2El
                0x0000000003804cf4       0x78 /Applications/VEXcode Pro V5.app/Contents/Resources/sdk/vexv5/libv5rt.a(vex_motor.cpp.obj)
                0x0000000003804cf4                vex::motor::motor(long)
                0x0000000003804cf4                vex::motor::motor(long)
 .text._ZN3vex5motorC2ElNS_11gearSettingEb
                0x0000000003804d6c       0x34 /Applications/VEXcode Pro V5.app/Contents/Resources/sdk/vexv5/libv5rt.a(vex_motor.cpp.obj)
                0x0000000003804d6c                vex::motor::motor(long, vex::gearSetting, bool)
                0x0000000003804d6c                vex::motor::motor(long, vex::gearSetting, bool)
 .text._ZN3vex5motor4stopENS_9brakeTypeE
                0x0000000003804da0       0x30 /Applications/VEXcode Pro V5.app/Contents/Resources/sdk/vexv5/libv5rt.a(vex_motor.cpp.obj)
                0x0000000003804da0                vex::motor::stop(vex::brakeType)
 .text._ZN3vex5motor4stopEv
                0x0000000003804dd0        0x8 /Applications/VEXcode Pro V5.app/Contents/Resources/sdk/vexv5/libv5rt.a(vex_motor.cpp.obj)
                0x0000000003804dd0                vex::motor::stop()
 .text._ZN3vex5motor10efficiencyENS_12percentUnitsE
                0x0000000003804dd8        0x8 /Applications/VEXcode Pro V5.app/Contents/Resources/sdk/vexv5/libv5rt.a(vex_motor.cpp.obj)
                0x0000000003804dd8                vex::motor::efficiency(vex::percentUnits)
 .text._ZN3vex5motor16velocityToScaledEdNS_13velocityUnitsE
                0x0000000003804de0       0x5c /Applications/VEXcode Pro V5.app/Contents/Resources/sdk/vexv5/libv5rt.a(vex_motor.cpp.obj)
                0x0000000003804de0                vex::motor::velocityToScaled(double, vex::velocityUnits)
 .text._ZN3vex5motor8velocityENS_13velocityUnitsE
                0x0000000003804e3c       0x30 /Applications/VEXcode Pro V5.app/Contents/Resources/sdk/vexv5/libv5rt.a(vex_motor.cpp.obj)
                0x0000000003804e3c                vex::motor::velocity(vex::velocityUnits)
 .text._ZN3vex5motor5valueEv
                0x0000000003804e6c       0x1c /Applications/VEXcode Pro V5.app/Contents/Resources/sdk/vexv5/libv5rt.a(vex_motor.cpp.obj)
                0x0000000003804e6c                vex::motor::value()
 .text._ZN3vex5motor16scaledToVelocityEdNS_13velocityUnitsE
                0x0000000003804e88       0xa4 /Applications/VEXcode Pro V5.app/Contents/Resources/sdk/vexv5/libv5rt.a(vex_motor.cpp.obj)
                0x0000000003804e88                vex::motor::scaledToVelocity(double, vex::velocityUnits)
 .text._ZN3vex5motor4spinENS_13directionTypeEdNS_13velocityUnitsE
                0x0000000003804f2c       0x5c /Applications/VEXcode Pro V5.app/Contents/Resources/sdk/vexv5/libv5rt.a(vex_motor.cpp.obj)
                0x0000000003804f2c                vex::motor::spin(vex::directionType, double, vex::velocityUnits)
 .text._ZN3vex5motor16setRotationUnitsENS_13rotationUnitsE
                0x0000000003804f88       0x1c /Applications/VEXcode Pro V5.app/Contents/Resources/sdk/vexv5/libv5rt.a(vex_motor.cpp.obj)
                0x0000000003804f88                vex::motor::setRotationUnits(vex::rotationUnits)
 .text._ZN3vex5motor11setRotationEdNS_13rotationUnitsE
                0x0000000003804fa4       0x44 /Applications/VEXcode Pro V5.app/Contents/Resources/sdk/vexv5/libv5rt.a(vex_motor.cpp.obj)
                0x0000000003804fa4                vex::motor::setRotation(double, vex::rotationUnits)
 .text._ZN3vex5motor13resetPositionEv
                0x0000000003804fe8       0x20 /Applications/VEXcode Pro V5.app/Contents/Resources/sdk/vexv5/libv5rt.a(vex_motor.cpp.obj)
                0x0000000003804fe8                vex::motor::resetPosition()
 .text._ZN3vex5motor9rotateForEdNS_13rotationUnitsEdNS_13velocityUnitsEb
                0x0000000003805008       0xe0 /Applications/VEXcode Pro V5.app/Contents/Resources/sdk/vexv5/libv5rt.a(vex_motor.cpp.obj)
                0x0000000003805008                vex::motor::rotateFor(double, vex::rotationUnits, double, vex::velocityUnits, bool)
 .text._ZN3vex5motor8rotationENS_13rotationUnitsE
                0x00000000038050e8       0x44 /Applications/VEXcode Pro V5.app/Contents/Resources/sdk/vexv5/libv5rt.a(vex_motor.cpp.obj)
                0x00000000038050e8                vex::motor::rotation(vex::rotationUnits)
 .text._ZN3vex5motor8positionENS_13rotationUnitsE
                0x000000000380512c        0x4 /Applications/VEXcode Pro V5.app/Contents/Resources/sdk/vexv5/libv5rt.a(vex_motor.cpp.obj)
                0x000000000380512c                vex::motor::position(vex::rotationUnits)
 .text._ZN3vex6vision9installedEv
                0x0000000003805130       0x18 /Applications/VEXcode Pro V5.app/Contents/Resources/sdk/vexv5/libv5rt.a(vex_vision.cpp.obj)
                0x0000000003805130                vex::vision::installed()
 .text._ZN3vex6visionD2Ev
                0x0000000003805148       0x38 /Applications/VEXcode Pro V5.app/Contents/Resources/sdk/vexv5/libv5rt.a(vex_vision.cpp.obj)
                0x0000000003805148                vex::vision::~vision()
                0x0000000003805148                vex::vision::~vision()
 .text._ZN3vex6visionD0Ev
                0x0000000003805180       0x1c /Applications/VEXcode Pro V5.app/Contents/Resources/sdk/vexv5/libv5rt.a(vex_vision.cpp.obj)
                0x0000000003805180                vex::vision::~vision()
 .text._ZN3vex6vision12setSignatureERNS0_9signatureE
                0x000000000380519c       0x70 /Applications/VEXcode Pro V5.app/Contents/Resources/sdk/vexv5/libv5rt.a(vex_vision.cpp.obj)
                0x000000000380519c                vex::vision::setSignature(vex::vision::signature&)
 .text._ZN3vex6vision7setModeENS0_13detectionModeE
                0x000000000380520c       0x18 /Applications/VEXcode Pro V5.app/Contents/Resources/sdk/vexv5/libv5rt.a(vex_vision.cpp.obj)
                0x000000000380520c                vex::vision::setMode(vex::vision::detectionMode)
 .text._ZN3vex6vision13setBrightnessEh
                0x0000000003805224       0x30 /Applications/VEXcode Pro V5.app/Contents/Resources/sdk/vexv5/libv5rt.a(vex_vision.cpp.obj)
                0x0000000003805224                vex::vision::setBrightness(unsigned char)
 .text._ZN3vex6vision10setLedModeENS0_7ledModeE
                0x0000000003805254       0x18 /Applications/VEXcode Pro V5.app/Contents/Resources/sdk/vexv5/libv5rt.a(vex_vision.cpp.obj)
                0x0000000003805254                vex::vision::setLedMode(vex::vision::ledMode)
 .text._ZN3vex6vision11setLedColorEhhh
                0x000000000380526c       0x30 /Applications/VEXcode Pro V5.app/Contents/Resources/sdk/vexv5/libv5rt.a(vex_vision.cpp.obj)
                0x000000000380526c                vex::vision::setLedColor(unsigned char, unsigned char, unsigned char)
 .text._ZN3vex6vision9signatureD2Ev
                0x000000000380529c        0x4 /Applications/VEXcode Pro V5.app/Contents/Resources/sdk/vexv5/libv5rt.a(vex_vision.cpp.obj)
                0x000000000380529c                vex::vision::signature::~signature()
                0x000000000380529c                vex::vision::signature::~signature()
 .text._ZN3vex6vision9signature5clearEv
                0x00000000038052a0       0x38 /Applications/VEXcode Pro V5.app/Contents/Resources/sdk/vexv5/libv5rt.a(vex_vision.cpp.obj)
                0x00000000038052a0                vex::vision::signature::clear()
 .text._ZN3vex6vision9signatureC2Ev
                0x00000000038052d8       0x60 /Applications/VEXcode Pro V5.app/Contents/Resources/sdk/vexv5/libv5rt.a(vex_vision.cpp.obj)
                0x00000000038052d8                vex::vision::signature::signature()
                0x00000000038052d8                vex::vision::signature::signature()
 .text._ZN3vex6vision9signatureC2Elllllllfl
                0x0000000003805338       0x5c /Applications/VEXcode Pro V5.app/Contents/Resources/sdk/vexv5/libv5rt.a(vex_vision.cpp.obj)
                0x0000000003805338                vex::vision::signature::signature(long, long, long, long, long, long, long, float, long)
                0x0000000003805338                vex::vision::signature::signature(long, long, long, long, long, long, long, float, long)
 *fill*         0x0000000003805394        0x4 
 .text._ZN3vex6vision6object3setE22_V5_DeviceVisionObject
                0x0000000003805398       0x78 /Applications/VEXcode Pro V5.app/Contents/Resources/sdk/vexv5/libv5rt.a(vex_vision.cpp.obj)
                0x0000000003805398                vex::vision::object::set(_V5_DeviceVisionObject)
 .text._ZN3vex6vision6object5clearEv
                0x0000000003805410       0x38 /Applications/VEXcode Pro V5.app/Contents/Resources/sdk/vexv5/libv5rt.a(vex_vision.cpp.obj)
                0x0000000003805410                vex::vision::object::clear()
 .text._ZN3vex6vision6objectC2Ev
                0x0000000003805448       0x58 /Applications/VEXcode Pro V5.app/Contents/Resources/sdk/vexv5/libv5rt.a(vex_vision.cpp.obj)
                0x0000000003805448                vex::vision::object::object()
                0x0000000003805448                vex::vision::object::object()
 .text._ZN3vex6vision13_clearObjectsEv
                0x00000000038054a0       0x40 /Applications/VEXcode Pro V5.app/Contents/Resources/sdk/vexv5/libv5rt.a(vex_vision.cpp.obj)
                0x00000000038054a0                vex::vision::_clearObjects()
 .text._ZN3vex6vision6objectaSERKS1_
                0x00000000038054e0       0x74 /Applications/VEXcode Pro V5.app/Contents/Resources/sdk/vexv5/libv5rt.a(vex_vision.cpp.obj)
                0x00000000038054e0                vex::vision::object::operator=(vex::vision::object const&)
 .text._ZN3vex6vision12takeSnapshotEmm
                0x0000000003805554       0xf4 /Applications/VEXcode Pro V5.app/Contents/Resources/sdk/vexv5/libv5rt.a(vex_vision.cpp.obj)
                0x0000000003805554                vex::vision::takeSnapshot(unsigned long, unsigned long)
 .text._ZN3vex6vision12takeSnapshotEm
                0x0000000003805648        0x8 /Applications/VEXcode Pro V5.app/Contents/Resources/sdk/vexv5/libv5rt.a(vex_vision.cpp.obj)
                0x0000000003805648                vex::vision::takeSnapshot(unsigned long)
 .text._ZN3vex6vision5valueEv
                0x0000000003805650        0x8 /Applications/VEXcode Pro V5.app/Contents/Resources/sdk/vexv5/libv5rt.a(vex_vision.cpp.obj)
                0x0000000003805650                vex::vision::value()
 .text._ZN3vex6vision6objectaSEl
                0x0000000003805658       0x38 /Applications/VEXcode Pro V5.app/Contents/Resources/sdk/vexv5/libv5rt.a(vex_vision.cpp.obj)
                0x0000000003805658                vex::vision::object::operator=(long)
 .text._ZN3vex6visionC2El
                0x0000000003805690       0xa4 /Applications/VEXcode Pro V5.app/Contents/Resources/sdk/vexv5/libv5rt.a(vex_vision.cpp.obj)
                0x0000000003805690                vex::vision::vision(long)
                0x0000000003805690                vex::vision::vision(long)
 *fill*         0x0000000003805734        0x4 
 .text._ZN3vex8inertial10setHeadingEdNS_13rotationUnitsE
                0x0000000003805738       0x60 /Applications/VEXcode Pro V5.app/Contents/Resources/sdk/vexv5/libv5rt.a(vex_imu.cpp.obj)
                0x0000000003805738                vex::inertial::setHeading(double, vex::rotationUnits)
 .text._ZThn16_N3vex8inertial10setHeadingEdNS_13rotationUnitsE
                0x0000000003805798        0x8 /Applications/VEXcode Pro V5.app/Contents/Resources/sdk/vexv5/libv5rt.a(vex_imu.cpp.obj)
                0x0000000003805798                non-virtual thunk to vex::inertial::setHeading(double, vex::rotationUnits)
 .text._ZN3vex8inertial11setRotationEdNS_13rotationUnitsE
                0x00000000038057a0       0x60 /Applications/VEXcode Pro V5.app/Contents/Resources/sdk/vexv5/libv5rt.a(vex_imu.cpp.obj)
                0x00000000038057a0                vex::inertial::setRotation(double, vex::rotationUnits)
 .text._ZThn16_N3vex8inertial11setRotationEdNS_13rotationUnitsE
                0x0000000003805800        0x8 /Applications/VEXcode Pro V5.app/Contents/Resources/sdk/vexv5/libv5rt.a(vex_imu.cpp.obj)
                0x0000000003805800                non-virtual thunk to vex::inertial::setRotation(double, vex::rotationUnits)
 .text._ZN3vex8inertialD2Ev
                0x0000000003805808       0x20 /Applications/VEXcode Pro V5.app/Contents/Resources/sdk/vexv5/libv5rt.a(vex_imu.cpp.obj)
                0x0000000003805808                vex::inertial::~inertial()
                0x0000000003805808                vex::inertial::~inertial()
 .text._ZThn16_N3vex8inertialD1Ev
                0x0000000003805828        0x8 /Applications/VEXcode Pro V5.app/Contents/Resources/sdk/vexv5/libv5rt.a(vex_imu.cpp.obj)
                0x0000000003805828                non-virtual thunk to vex::inertial::~inertial()
 .text._ZN3vex8inertialD0Ev
                0x0000000003805830       0x1c /Applications/VEXcode Pro V5.app/Contents/Resources/sdk/vexv5/libv5rt.a(vex_imu.cpp.obj)
                0x0000000003805830                vex::inertial::~inertial()
 .text._ZThn16_N3vex8inertialD0Ev
                0x000000000380584c        0x8 /Applications/VEXcode Pro V5.app/Contents/Resources/sdk/vexv5/libv5rt.a(vex_imu.cpp.obj)
                0x000000000380584c                non-virtual thunk to vex::inertial::~inertial()
 .text._ZN3vex8inertial9installedEv
                0x0000000003805854       0x18 /Applications/VEXcode Pro V5.app/Contents/Resources/sdk/vexv5/libv5rt.a(vex_imu.cpp.obj)
                0x0000000003805854                vex::inertial::installed()
 .text._ZN3vex8inertial5angleENS_13rotationUnitsE
                0x000000000380586c       0x60 /Applications/VEXcode Pro V5.app/Contents/Resources/sdk/vexv5/libv5rt.a(vex_imu.cpp.obj)
                0x000000000380586c                vex::inertial::angle(vex::rotationUnits)
 .text._ZThn16_N3vex8inertial5angleENS_13rotationUnitsE
                0x00000000038058cc        0x8 /Applications/VEXcode Pro V5.app/Contents/Resources/sdk/vexv5/libv5rt.a(vex_imu.cpp.obj)
                0x00000000038058cc                non-virtual thunk to vex::inertial::angle(vex::rotationUnits)
 .text._ZN3vex8inertial7headingENS_13rotationUnitsE
                0x00000000038058d4        0x4 /Applications/VEXcode Pro V5.app/Contents/Resources/sdk/vexv5/libv5rt.a(vex_imu.cpp.obj)
                0x00000000038058d4                vex::inertial::heading(vex::rotationUnits)
 .text._ZThn16_N3vex8inertial7headingENS_13rotationUnitsE
                0x00000000038058d8        0x8 /Applications/VEXcode Pro V5.app/Contents/Resources/sdk/vexv5/libv5rt.a(vex_imu.cpp.obj)
                0x00000000038058d8                non-virtual thunk to vex::inertial::heading(vex::rotationUnits)
 .text._ZN3vex8inertial5valueEv
                0x00000000038058e0       0x1c /Applications/VEXcode Pro V5.app/Contents/Resources/sdk/vexv5/libv5rt.a(vex_imu.cpp.obj)
                0x00000000038058e0                vex::inertial::value()
 *fill*         0x00000000038058fc        0x4 
 .text._ZN3vex8inertial8rotationENS_13rotationUnitsE
                0x0000000003805900       0x40 /Applications/VEXcode Pro V5.app/Contents/Resources/sdk/vexv5/libv5rt.a(vex_imu.cpp.obj)
                0x0000000003805900                vex::inertial::rotation(vex::rotationUnits)
 .text._ZThn16_N3vex8inertial8rotationENS_13rotationUnitsE
                0x0000000003805940        0x8 /Applications/VEXcode Pro V5.app/Contents/Resources/sdk/vexv5/libv5rt.a(vex_imu.cpp.obj)
                0x0000000003805940                non-virtual thunk to vex::inertial::rotation(vex::rotationUnits)
 .text._ZN3vex8inertial13isCalibratingEv
                0x0000000003805948       0x38 /Applications/VEXcode Pro V5.app/Contents/Resources/sdk/vexv5/libv5rt.a(vex_imu.cpp.obj)
                0x0000000003805948                vex::inertial::isCalibrating()
 .text._ZThn16_N3vex8inertial13isCalibratingEv
                0x0000000003805980        0x8 /Applications/VEXcode Pro V5.app/Contents/Resources/sdk/vexv5/libv5rt.a(vex_imu.cpp.obj)
                0x0000000003805980                non-virtual thunk to vex::inertial::isCalibrating()
 .text._ZN3vex8inertialC2El
                0x0000000003805988       0x48 /Applications/VEXcode Pro V5.app/Contents/Resources/sdk/vexv5/libv5rt.a(vex_imu.cpp.obj)
                0x0000000003805988                vex::inertial::inertial(long)
                0x0000000003805988                vex::inertial::inertial(long)
 .text._ZN3vex8inertial16startCalibrationEl
                0x00000000038059d0       0x20 /Applications/VEXcode Pro V5.app/Contents/Resources/sdk/vexv5/libv5rt.a(vex_imu.cpp.obj)
                0x00000000038059d0                vex::inertial::startCalibration(long)
 .text._ZN3vex8inertial9calibrateEl
                0x00000000038059f0        0xc /Applications/VEXcode Pro V5.app/Contents/Resources/sdk/vexv5/libv5rt.a(vex_imu.cpp.obj)
                0x00000000038059f0                vex::inertial::calibrate(long)
                0x00000000038059f4                non-virtual thunk to vex::inertial::calibrate(long)
 .text._ZN3vex8distanceD2Ev
                0x00000000038059fc       0x20 /Applications/VEXcode Pro V5.app/Contents/Resources/sdk/vexv5/libv5rt.a(vex_distance.cpp.obj)
                0x00000000038059fc                vex::distance::~distance()
                0x00000000038059fc                vex::distance::~distance()
 .text._ZN3vex8distanceD0Ev
                0x0000000003805a1c       0x1c /Applications/VEXcode Pro V5.app/Contents/Resources/sdk/vexv5/libv5rt.a(vex_distance.cpp.obj)
                0x0000000003805a1c                vex::distance::~distance()
 .text._ZN3vex8distance9installedEv
                0x0000000003805a38       0x18 /Applications/VEXcode Pro V5.app/Contents/Resources/sdk/vexv5/libv5rt.a(vex_distance.cpp.obj)
                0x0000000003805a38                vex::distance::installed()
 .text._ZN3vex8distance5valueEv
                0x0000000003805a50        0x8 /Applications/VEXcode Pro V5.app/Contents/Resources/sdk/vexv5/libv5rt.a(vex_distance.cpp.obj)
                0x0000000003805a50                vex::distance::value()
 .text._ZN3vex8distanceC2El
                0x0000000003805a58       0x20 /Applications/VEXcode Pro V5.app/Contents/Resources/sdk/vexv5/libv5rt.a(vex_distance.cpp.obj)
                0x0000000003805a58                vex::distance::distance(long)
                0x0000000003805a58                vex::distance::distance(long)
 .text._ZN3vex8distance14objectDistanceENS_13distanceUnitsE
                0x0000000003805a78       0x48 /Applications/VEXcode Pro V5.app/Contents/Resources/sdk/vexv5/libv5rt.a(vex_distance.cpp.obj)
                0x0000000003805a78                vex::distance::objectDistance(vex::distanceUnits)
 .text._ZN3vex8distance16isObjectDetectedEv
                0x0000000003805ac0       0x80 /Applications/VEXcode Pro V5.app/Contents/Resources/sdk/vexv5/libv5rt.a(vex_distance.cpp.obj)
                0x0000000003805ac0                vex::distance::isObjectDetected()
 .text._ZN3vex10controllerD2Ev
                0x0000000003805b40        0x4 /Applications/VEXcode Pro V5.app/Contents/Resources/sdk/vexv5/libv5rt.a(vex_controller.cpp.obj)
                0x0000000003805b40                vex::controller::~controller()
                0x0000000003805b40                vex::controller::~controller()
 .text._ZN3vex10controller5valueE19_V5_ControllerIndex
                0x0000000003805b44        0x8 /Applications/VEXcode Pro V5.app/Contents/Resources/sdk/vexv5/libv5rt.a(vex_controller.cpp.obj)
                0x0000000003805b44                vex::controller::value(_V5_ControllerIndex)
 .text._ZN3vex10controller6button8pressingEv
                0x0000000003805b4c       0xc8 /Applications/VEXcode Pro V5.app/Contents/Resources/sdk/vexv5/libv5rt.a(vex_controller.cpp.obj)
                0x0000000003805b4c                vex::controller::button::pressing()
 .text._ZN3vex10controller6button21_buttonToPressedEventEv
                0x0000000003805c14       0x20 /Applications/VEXcode Pro V5.app/Contents/Resources/sdk/vexv5/libv5rt.a(vex_controller.cpp.obj)
                0x0000000003805c14                vex::controller::button::_buttonToPressedEvent()
 .text._ZN3vex10controller6button22_buttonToReleasedEventEv
                0x0000000003805c34       0x20 /Applications/VEXcode Pro V5.app/Contents/Resources/sdk/vexv5/libv5rt.a(vex_controller.cpp.obj)
                0x0000000003805c34                vex::controller::button::_buttonToReleasedEvent()
 .text._ZN3vex10controller6buttonC2ENS0_11tButtonTypeEPS0_
                0x0000000003805c54       0x48 /Applications/VEXcode Pro V5.app/Contents/Resources/sdk/vexv5/libv5rt.a(vex_controller.cpp.obj)
                0x0000000003805c54                vex::controller::button::button(vex::controller::tButtonType, vex::controller*)
                0x0000000003805c54                vex::controller::button::button(vex::controller::tButtonType, vex::controller*)
 .text._ZN3vex10controller4axis5valueEv
                0x0000000003805c9c       0x58 /Applications/VEXcode Pro V5.app/Contents/Resources/sdk/vexv5/libv5rt.a(vex_controller.cpp.obj)
                0x0000000003805c9c                vex::controller::axis::value()
 .text._ZN3vex10controller4axis23_joystickToChangedEventEv
                0x0000000003805cf4       0x20 /Applications/VEXcode Pro V5.app/Contents/Resources/sdk/vexv5/libv5rt.a(vex_controller.cpp.obj)
                0x0000000003805cf4                vex::controller::axis::_joystickToChangedEvent()
 .text._ZN3vex10controller4axisC2ENS0_9tAxisTypeEPS0_
                0x0000000003805d14       0x2c /Applications/VEXcode Pro V5.app/Contents/Resources/sdk/vexv5/libv5rt.a(vex_controller.cpp.obj)
                0x0000000003805d14                vex::controller::axis::axis(vex::controller::tAxisType, vex::controller*)
                0x0000000003805d14                vex::controller::axis::axis(vex::controller::tAxisType, vex::controller*)
 .text._ZN3vex10controllerC2ENS_14controllerTypeE
                0x0000000003805d40      0x204 /Applications/VEXcode Pro V5.app/Contents/Resources/sdk/vexv5/libv5rt.a(vex_controller.cpp.obj)
                0x0000000003805d40                vex::controller::controller(vex::controllerType)
                0x0000000003805d40                vex::controller::controller(vex::controllerType)
 .text._ZN3vex6threadC2EPFivE
                0x0000000003805f44       0x5c /Applications/VEXcode Pro V5.app/Contents/Resources/sdk/vexv5/libv5rt.a(vex_thread.cpp.obj)
                0x0000000003805f44                vex::thread::thread(int (*)())
                0x0000000003805f44                vex::thread::thread(int (*)())
 .text._ZN3vex6threadD2Ev
                0x0000000003805fa0        0x4 /Applications/VEXcode Pro V5.app/Contents/Resources/sdk/vexv5/libv5rt.a(vex_thread.cpp.obj)
                0x0000000003805fa0                vex::thread::~thread()
                0x0000000003805fa0                vex::thread::~thread()
 .text._ZN3vex6thread9interruptEv
                0x0000000003805fa4       0x18 /Applications/VEXcode Pro V5.app/Contents/Resources/sdk/vexv5/libv5rt.a(vex_thread.cpp.obj)
                0x0000000003805fa4                vex::thread::interrupt()
 .text._ZN3vex11this_thread9sleep_forEm
                0x0000000003805fbc        0x4 /Applications/VEXcode Pro V5.app/Contents/Resources/sdk/vexv5/libv5rt.a(vex_thread.cpp.obj)
                0x0000000003805fbc                vex::this_thread::sleep_for(unsigned long)
 .text._ZN3vex5event4initEmmPFvvE
                0x0000000003805fc0        0x4 /Applications/VEXcode Pro V5.app/Contents/Resources/sdk/vexv5/libv5rt.a(vex_event.cpp.obj)
                0x0000000003805fc0                vex::event::init(unsigned long, unsigned long, void (*)())
 .text._ZN3vex5event4initEmmPFvPvES1_
                0x0000000003805fc4        0x4 /Applications/VEXcode Pro V5.app/Contents/Resources/sdk/vexv5/libv5rt.a(vex_event.cpp.obj)
                0x0000000003805fc4                vex::event::init(unsigned long, unsigned long, void (*)(void*), void*)
 .text._ZN3vex5event9userindexEv
                0x0000000003805fc8        0x4 /Applications/VEXcode Pro V5.app/Contents/Resources/sdk/vexv5/libv5rt.a(vex_event.cpp.obj)
                0x0000000003805fc8                vex::event::userindex()
 .text._ZZN3vex6meventC4EmmENUlvE_4_FUNEv
                0x0000000003805fcc        0x4 /Applications/VEXcode Pro V5.app/Contents/Resources/sdk/vexv5/libv5rt.a(vex_mevent.cpp.obj)
 .text._ZN3vex6meventC2Emm
                0x0000000003805fd0       0x70 /Applications/VEXcode Pro V5.app/Contents/Resources/sdk/vexv5/libv5rt.a(vex_mevent.cpp.obj)
                0x0000000003805fd0                vex::mevent::mevent(unsigned long, unsigned long)
                0x0000000003805fd0                vex::mevent::mevent(unsigned long, unsigned long)
 .text._ZN3vex5brain9_getIndexEv
                0x0000000003806040       0x10 /Applications/VEXcode Pro V5.app/Contents/Resources/sdk/vexv5/libv5rt.a(vex_brain.cpp.obj)
                0x0000000003806040                vex::brain::_getIndex()
 .text._ZN3vex5brain5timerENS_9timeUnitsE
                0x0000000003806050        0x4 /Applications/VEXcode Pro V5.app/Contents/Resources/sdk/vexv5/libv5rt.a(vex_brain.cpp.obj)
                0x0000000003806050                vex::brain::timer(vex::timeUnits)
 .text._ZN3vex5brain3lcd9setCursorEll
                0x0000000003806054       0x44 /Applications/VEXcode Pro V5.app/Contents/Resources/sdk/vexv5/libv5rt.a(vex_brain.cpp.obj)
                0x0000000003806054                vex::brain::lcd::setCursor(long, long)
 .text._ZN3vex5brain3lcd7setFontENS_8fontTypeE
                0x0000000003806098      0x23c /Applications/VEXcode Pro V5.app/Contents/Resources/sdk/vexv5/libv5rt.a(vex_brain.cpp.obj)
                0x0000000003806098                vex::brain::lcd::setFont(vex::fontType)
 .text._ZN3vex5brain3lcdC2Ev
                0x00000000038062d4       0x94 /Applications/VEXcode Pro V5.app/Contents/Resources/sdk/vexv5/libv5rt.a(vex_brain.cpp.obj)
                0x00000000038062d4                vex::brain::lcd::lcd()
                0x00000000038062d4                vex::brain::lcd::lcd()
 .text._ZN3vex5brainC2Ev
                0x0000000003806368       0x38 /Applications/VEXcode Pro V5.app/Contents/Resources/sdk/vexv5/libv5rt.a(vex_brain.cpp.obj)
                0x0000000003806368                vex::brain::brain()
                0x0000000003806368                vex::brain::brain()
 .text._ZN3vex5brain3lcd12_clearScreenEm
                0x00000000038063a0       0x38 /Applications/VEXcode Pro V5.app/Contents/Resources/sdk/vexv5/libv5rt.a(vex_brain.cpp.obj)
                0x00000000038063a0                vex::brain::lcd::_clearScreen(unsigned long)
 .text._ZN3vex5brain3lcd11clearScreenERKNS_5colorE
                0x00000000038063d8       0x20 /Applications/VEXcode Pro V5.app/Contents/Resources/sdk/vexv5/libv5rt.a(vex_brain.cpp.obj)
                0x00000000038063d8                vex::brain::lcd::clearScreen(vex::color const&)
 .text._ZN3vex5brain3lcd11clearScreenEv
                0x00000000038063f8       0x2c /Applications/VEXcode Pro V5.app/Contents/Resources/sdk/vexv5/libv5rt.a(vex_brain.cpp.obj)
                0x00000000038063f8                vex::brain::lcd::clearScreen()
 .text._ZN3vex5brain3lcd13drawRectangleEiiii
                0x0000000003806424       0xdc /Applications/VEXcode Pro V5.app/Contents/Resources/sdk/vexv5/libv5rt.a(vex_brain.cpp.obj)
                0x0000000003806424                vex::brain::lcd::drawRectangle(int, int, int, int)
 .text._ZN3vex5brain3lcd14_drawRectangleEiiiim
                0x0000000003806500       0x74 /Applications/VEXcode Pro V5.app/Contents/Resources/sdk/vexv5/libv5rt.a(vex_brain.cpp.obj)
                0x0000000003806500                vex::brain::lcd::_drawRectangle(int, int, int, int, unsigned long)
 .text._ZN3vex5brain3lcd13drawRectangleEiiiiRKNS_5colorE
                0x0000000003806574       0x68 /Applications/VEXcode Pro V5.app/Contents/Resources/sdk/vexv5/libv5rt.a(vex_brain.cpp.obj)
                0x0000000003806574                vex::brain::lcd::drawRectangle(int, int, int, int, vex::color const&)
 .text._ZN3vex5brain3lcd10drawCircleEiii
                0x00000000038065dc       0xa4 /Applications/VEXcode Pro V5.app/Contents/Resources/sdk/vexv5/libv5rt.a(vex_brain.cpp.obj)
                0x00000000038065dc                vex::brain::lcd::drawCircle(int, int, int)
 .text._ZN3vex5brain3lcd11_drawCircleEiiim
                0x0000000003806680       0x60 /Applications/VEXcode Pro V5.app/Contents/Resources/sdk/vexv5/libv5rt.a(vex_brain.cpp.obj)
                0x0000000003806680                vex::brain::lcd::_drawCircle(int, int, int, unsigned long)
 .text._ZN3vex5brain3lcd10drawCircleEiiiRKNS_5colorE
                0x00000000038066e0       0x60 /Applications/VEXcode Pro V5.app/Contents/Resources/sdk/vexv5/libv5rt.a(vex_brain.cpp.obj)
                0x00000000038066e0                vex::brain::lcd::drawCircle(int, int, int, vex::color const&)
 .text._ZN3vex5brain3lcd10rowToPixelEl
                0x0000000003806740       0x34 /Applications/VEXcode Pro V5.app/Contents/Resources/sdk/vexv5/libv5rt.a(vex_brain.cpp.obj)
                0x0000000003806740                vex::brain::lcd::rowToPixel(long)
 .text._ZN3vex5brain3lcd10colToPixelEl
                0x0000000003806774       0x1c /Applications/VEXcode Pro V5.app/Contents/Resources/sdk/vexv5/libv5rt.a(vex_brain.cpp.obj)
                0x0000000003806774                vex::brain::lcd::colToPixel(long)
 .text._ZN3vex5brain3lcd5printEPKcz
                0x0000000003806790       0xa0 /Applications/VEXcode Pro V5.app/Contents/Resources/sdk/vexv5/libv5rt.a(vex_brain.cpp.obj)
                0x0000000003806790                vex::brain::lcd::print(char const*, ...)
 .text._ZN3vex5brain6sdcard10isInsertedEv
                0x0000000003806830        0x8 /Applications/VEXcode Pro V5.app/Contents/Resources/sdk/vexv5/libv5rt.a(vex_brain.cpp.obj)
                0x0000000003806830                vex::brain::sdcard::isInserted()
 .text._ZN3vex5brainD2Ev
                0x0000000003806838       0x20 /Applications/VEXcode Pro V5.app/Contents/Resources/sdk/vexv5/libv5rt.a(vex_brain.cpp.obj)
                0x0000000003806838                vex::brain::~brain()
                0x0000000003806838                vex::brain::~brain()
 .text._ZN3vex11competition11_autonomousEv
                0x0000000003806858       0x90 /Applications/VEXcode Pro V5.app/Contents/Resources/sdk/vexv5/libv5rt.a(vex_competition.cpp.obj)
                0x0000000003806858                vex::competition::_autonomous()
 .text._ZN3vex11competition14_drivercontrolEv
                0x00000000038068e8       0x90 /Applications/VEXcode Pro V5.app/Contents/Resources/sdk/vexv5/libv5rt.a(vex_competition.cpp.obj)
                0x00000000038068e8                vex::competition::_drivercontrol()
 .text._ZN3vex11competition8_disableEPv
                0x0000000003806978       0xc8 /Applications/VEXcode Pro V5.app/Contents/Resources/sdk/vexv5/libv5rt.a(vex_competition.cpp.obj)
                0x0000000003806978                vex::competition::_disable(void*)
 .text._ZN3vex11competitionC2Ev
                0x0000000003806a40      0x13c /Applications/VEXcode Pro V5.app/Contents/Resources/sdk/vexv5/libv5rt.a(vex_competition.cpp.obj)
                0x0000000003806a40                vex::competition::competition()
                0x0000000003806a40                vex::competition::competition()
 .text._ZN3vex11competitionD2Ev
                0x0000000003806b7c        0x4 /Applications/VEXcode Pro V5.app/Contents/Resources/sdk/vexv5/libv5rt.a(vex_competition.cpp.obj)
                0x0000000003806b7c                vex::competition::~competition()
                0x0000000003806b7c                vex::competition::~competition()
 .text._ZN3vex11competition10autonomousEPFvvE
                0x0000000003806b80       0x44 /Applications/VEXcode Pro V5.app/Contents/Resources/sdk/vexv5/libv5rt.a(vex_competition.cpp.obj)
                0x0000000003806b80                vex::competition::autonomous(void (*)())
 .text._ZN3vex11competition13drivercontrolEPFvvE
                0x0000000003806bc4       0x44 /Applications/VEXcode Pro V5.app/Contents/Resources/sdk/vexv5/libv5rt.a(vex_competition.cpp.obj)
                0x0000000003806bc4                vex::competition::drivercontrol(void (*)())
 .text._ZN3vex7triportD2Ev
                0x0000000003806c08       0x38 /Applications/VEXcode Pro V5.app/Contents/Resources/sdk/vexv5/libv5rt.a(vex_triport.cpp.obj)
                0x0000000003806c08                vex::triport::~triport()
                0x0000000003806c08                vex::triport::~triport()
 .text._ZN3vex7triportD0Ev
                0x0000000003806c40       0x1c /Applications/VEXcode Pro V5.app/Contents/Resources/sdk/vexv5/libv5rt.a(vex_triport.cpp.obj)
                0x0000000003806c40                vex::triport::~triport()
 .text._ZN3vex7triport9installedEv
                0x0000000003806c5c       0x18 /Applications/VEXcode Pro V5.app/Contents/Resources/sdk/vexv5/libv5rt.a(vex_triport.cpp.obj)
                0x0000000003806c5c                vex::triport::installed()
 .text._ZN3vex7triport4portC2ElPS0_
                0x0000000003806c74       0x74 /Applications/VEXcode Pro V5.app/Contents/Resources/sdk/vexv5/libv5rt.a(vex_triport.cpp.obj)
                0x0000000003806c74                vex::triport::port::port(long, vex::triport*)
                0x0000000003806c74                vex::triport::port::port(long, vex::triport*)
 .text._ZN3vex7triportC2El
                0x0000000003806ce8       0xf0 /Applications/VEXcode Pro V5.app/Contents/Resources/sdk/vexv5/libv5rt.a(vex_triport.cpp.obj)
                0x0000000003806ce8                vex::triport::triport(long)
                0x0000000003806ce8                vex::triport::triport(long)
 .text._ZN3vex7triport4port4typeENS_11triportTypeE
                0x0000000003806dd8       0x30 /Applications/VEXcode Pro V5.app/Contents/Resources/sdk/vexv5/libv5rt.a(vex_triport.cpp.obj)
                0x0000000003806dd8                vex::triport::port::type(vex::triportType)
 .text._ZN3vex7triport4port4typeEv
                0x0000000003806e08       0x38 /Applications/VEXcode Pro V5.app/Contents/Resources/sdk/vexv5/libv5rt.a(vex_triport.cpp.obj)
                0x0000000003806e08                vex::triport::port::type()
 .text._ZN3vex7triport4port5valueEv
                0x0000000003806e40       0x14 /Applications/VEXcode Pro V5.app/Contents/Resources/sdk/vexv5/libv5rt.a(vex_triport.cpp.obj)
                0x0000000003806e40                vex::triport::port::value()
 *fill*         0x0000000003806e54        0x4 
 .text._ZN3vex7triport4port8rotationENS_13rotationUnitsE
                0x0000000003806e58       0x40 /Applications/VEXcode Pro V5.app/Contents/Resources/sdk/vexv5/libv5rt.a(vex_triport.cpp.obj)
                0x0000000003806e58                vex::triport::port::rotation(vex::rotationUnits)
 .text._ZN3vex7triport4port14_convertAnalogENS_11analogUnitsE
                0x0000000003806e98       0x58 /Applications/VEXcode Pro V5.app/Contents/Resources/sdk/vexv5/libv5rt.a(vex_triport.cpp.obj)
                0x0000000003806e98                vex::triport::port::_convertAnalog(vex::analogUnits)
 .text._ZN3vex11__trideviceC2ERNS_7triport4portENS_11triportTypeE
                0x0000000003806ef0       0x5c /Applications/VEXcode Pro V5.app/Contents/Resources/sdk/vexv5/libv5rt.a(vex_triport.cpp.obj)
                0x0000000003806ef0                vex::__tridevice::__tridevice(vex::triport::port&, vex::triportType)
                0x0000000003806ef0                vex::__tridevice::__tridevice(vex::triport::port&, vex::triportType)
 .text._ZN3vex11__tridevice14_convertAnalogENS_11analogUnitsE
                0x0000000003806f4c        0x8 /Applications/VEXcode Pro V5.app/Contents/Resources/sdk/vexv5/libv5rt.a(vex_triport.cpp.obj)
                0x0000000003806f4c                vex::__tridevice::_convertAnalog(vex::analogUnits)
 .text._ZN3vex5limitC2ERNS_7triport4portE
                0x0000000003806f54       0x28 /Applications/VEXcode Pro V5.app/Contents/Resources/sdk/vexv5/libv5rt.a(vex_triport.cpp.obj)
                0x0000000003806f54                vex::limit::limit(vex::triport::port&)
                0x0000000003806f54                vex::limit::limit(vex::triport::port&)
 .text._ZN3vex5limitD2Ev
                0x0000000003806f7c        0x4 /Applications/VEXcode Pro V5.app/Contents/Resources/sdk/vexv5/libv5rt.a(vex_triport.cpp.obj)
                0x0000000003806f7c                vex::limit::~limit()
                0x0000000003806f7c                vex::limit::~limit()
 .text._ZN3vex5limit5valueEv
                0x0000000003806f80        0x8 /Applications/VEXcode Pro V5.app/Contents/Resources/sdk/vexv5/libv5rt.a(vex_triport.cpp.obj)
                0x0000000003806f80                vex::limit::value()
 .text._ZN3vex4lineC2ERNS_7triport4portE
                0x0000000003806f88       0x20 /Applications/VEXcode Pro V5.app/Contents/Resources/sdk/vexv5/libv5rt.a(vex_triport.cpp.obj)
                0x0000000003806f88                vex::line::line(vex::triport::port&)
                0x0000000003806f88                vex::line::line(vex::triport::port&)
 .text._ZN3vex4lineD2Ev
                0x0000000003806fa8        0x4 /Applications/VEXcode Pro V5.app/Contents/Resources/sdk/vexv5/libv5rt.a(vex_triport.cpp.obj)
                0x0000000003806fa8                vex::line::~line()
                0x0000000003806fa8                vex::line::~line()
 .text._ZN3vex4line5valueENS_11analogUnitsE
                0x0000000003806fac        0x4 /Applications/VEXcode Pro V5.app/Contents/Resources/sdk/vexv5/libv5rt.a(vex_triport.cpp.obj)
                0x0000000003806fac                vex::line::value(vex::analogUnits)
 .text._ZN3vex7encoderC2ERNS_7triport4portE
                0x0000000003806fb0       0x20 /Applications/VEXcode Pro V5.app/Contents/Resources/sdk/vexv5/libv5rt.a(vex_triport.cpp.obj)
                0x0000000003806fb0                vex::encoder::encoder(vex::triport::port&)
                0x0000000003806fb0                vex::encoder::encoder(vex::triport::port&)
 .text._ZN3vex7encoderD2Ev
                0x0000000003806fd0        0x4 /Applications/VEXcode Pro V5.app/Contents/Resources/sdk/vexv5/libv5rt.a(vex_triport.cpp.obj)
                0x0000000003806fd0                vex::encoder::~encoder()
                0x0000000003806fd0                vex::encoder::~encoder()
 .text._ZN3vex7encoder8positionENS_13rotationUnitsE
                0x0000000003806fd4        0x8 /Applications/VEXcode Pro V5.app/Contents/Resources/sdk/vexv5/libv5rt.a(vex_triport.cpp.obj)
                0x0000000003806fd4                vex::encoder::position(vex::rotationUnits)
 .text.startup._GLOBAL__sub_I__ZN3vex7triportC2El
                0x0000000003806fdc       0x30 /Applications/VEXcode Pro V5.app/Contents/Resources/sdk/vexv5/libv5rt.a(vex_triport.cpp.obj)
 .text._ZN3vex5colorD2Ev
                0x000000000380700c        0x4 /Applications/VEXcode Pro V5.app/Contents/Resources/sdk/vexv5/libv5rt.a(vex_color.cpp.obj)
                0x000000000380700c                vex::color::~color()
                0x000000000380700c                vex::color::~color()
 .text._ZNK3vex5colorcvmEv
                0x0000000003807010        0x8 /Applications/VEXcode Pro V5.app/Contents/Resources/sdk/vexv5/libv5rt.a(vex_color.cpp.obj)
                0x0000000003807010                vex::color::operator unsigned long() const
 .text._ZNK3vex5color13isTransparentEv
                0x0000000003807018        0x8 /Applications/VEXcode Pro V5.app/Contents/Resources/sdk/vexv5/libv5rt.a(vex_color.cpp.obj)
                0x0000000003807018                vex::color::isTransparent() const
 .text.startup._GLOBAL__sub_I__ZN3vex5color5blackE
                0x0000000003807020      0x164 /Applications/VEXcode Pro V5.app/Contents/Resources/sdk/vexv5/libv5rt.a(vex_color.cpp.obj)
 .text._ZN3vex5timerD2Ev
                0x0000000003807184        0x4 /Applications/VEXcode Pro V5.app/Contents/Resources/sdk/vexv5/libv5rt.a(vex_timer.cpp.obj)
                0x0000000003807184                vex::timer::~timer()
                0x0000000003807184                vex::timer::~timer()
 .text._ZN3vex5timer5clearEv
                0x0000000003807188       0x1c /Applications/VEXcode Pro V5.app/Contents/Resources/sdk/vexv5/libv5rt.a(vex_timer.cpp.obj)
                0x0000000003807188                vex::timer::clear()
 .text._ZN3vex5timerC2Ev
                0x00000000038071a4       0x14 /Applications/VEXcode Pro V5.app/Contents/Resources/sdk/vexv5/libv5rt.a(vex_timer.cpp.obj)
                0x00000000038071a4                vex::timer::timer()
                0x00000000038071a4                vex::timer::timer()
 .text._ZNK3vex5timer4timeENS_9timeUnitsE
                0x00000000038071b8       0x40 /Applications/VEXcode Pro V5.app/Contents/Resources/sdk/vexv5/libv5rt.a(vex_timer.cpp.obj)
                0x00000000038071b8                vex::timer::time(vex::timeUnits) const
 .text.vexAdiPortConfigSet
                0x00000000038071f8       0x28 /Applications/VEXcode Pro V5.app/Contents/Resources/sdk/vexv5/libv5rt.a(v5_apiuser.c.obj)
                0x00000000038071f8                vexAdiPortConfigSet
 .text.vexAdiPortConfigGet
                0x0000000003807220       0x28 /Applications/VEXcode Pro V5.app/Contents/Resources/sdk/vexv5/libv5rt.a(v5_apiuser.c.obj)
                0x0000000003807220                vexAdiPortConfigGet
 .text.vexAdiValueGet
                0x0000000003807248       0x20 /Applications/VEXcode Pro V5.app/Contents/Resources/sdk/vexv5/libv5rt.a(v5_apiuser.c.obj)
                0x0000000003807248                vexAdiValueGet
 .text.vexMotorVelocitySet
                0x0000000003807268       0x20 /Applications/VEXcode Pro V5.app/Contents/Resources/sdk/vexv5/libv5rt.a(v5_apiuser.c.obj)
                0x0000000003807268                vexMotorVelocitySet
 .text.vexMotorActualVelocityGet
                0x0000000003807288       0x24 /Applications/VEXcode Pro V5.app/Contents/Resources/sdk/vexv5/libv5rt.a(v5_apiuser.c.obj)
                0x0000000003807288                vexMotorActualVelocityGet
 .text.vexMotorEfficiencyGet
                0x00000000038072ac       0x24 /Applications/VEXcode Pro V5.app/Contents/Resources/sdk/vexv5/libv5rt.a(v5_apiuser.c.obj)
                0x00000000038072ac                vexMotorEfficiencyGet
 .text.vexMotorZeroPositionFlagGet
                0x00000000038072d0       0x18 /Applications/VEXcode Pro V5.app/Contents/Resources/sdk/vexv5/libv5rt.a(v5_apiuser.c.obj)
                0x00000000038072d0                vexMotorZeroPositionFlagGet
 .text.vexMotorReverseFlagSet
                0x00000000038072e8       0x20 /Applications/VEXcode Pro V5.app/Contents/Resources/sdk/vexv5/libv5rt.a(v5_apiuser.c.obj)
                0x00000000038072e8                vexMotorReverseFlagSet
 .text.vexMotorEncoderUnitsSet
                0x0000000003807308       0x20 /Applications/VEXcode Pro V5.app/Contents/Resources/sdk/vexv5/libv5rt.a(v5_apiuser.c.obj)
                0x0000000003807308                vexMotorEncoderUnitsSet
 .text.vexMotorBrakeModeSet
                0x0000000003807328       0x20 /Applications/VEXcode Pro V5.app/Contents/Resources/sdk/vexv5/libv5rt.a(v5_apiuser.c.obj)
                0x0000000003807328                vexMotorBrakeModeSet
 .text.vexMotorPositionSet
                0x0000000003807348       0x28 /Applications/VEXcode Pro V5.app/Contents/Resources/sdk/vexv5/libv5rt.a(v5_apiuser.c.obj)
                0x0000000003807348                vexMotorPositionSet
 .text.vexMotorPositionGet
                0x0000000003807370       0x24 /Applications/VEXcode Pro V5.app/Contents/Resources/sdk/vexv5/libv5rt.a(v5_apiuser.c.obj)
                0x0000000003807370                vexMotorPositionGet
 .text.vexMotorRelativeTargetSet
                0x0000000003807394       0x30 /Applications/VEXcode Pro V5.app/Contents/Resources/sdk/vexv5/libv5rt.a(v5_apiuser.c.obj)
                0x0000000003807394                vexMotorRelativeTargetSet
 .text.vexMotorGearingSet
                0x00000000038073c4       0x20 /Applications/VEXcode Pro V5.app/Contents/Resources/sdk/vexv5/libv5rt.a(v5_apiuser.c.obj)
                0x00000000038073c4                vexMotorGearingSet
 .text.vexMotorGearingGet
                0x00000000038073e4       0x18 /Applications/VEXcode Pro V5.app/Contents/Resources/sdk/vexv5/libv5rt.a(v5_apiuser.c.obj)
                0x00000000038073e4                vexMotorGearingGet
 .text.vexVisionModeSet
                0x00000000038073fc       0x20 /Applications/VEXcode Pro V5.app/Contents/Resources/sdk/vexv5/libv5rt.a(v5_apiuser.c.obj)
                0x00000000038073fc                vexVisionModeSet
 .text.vexVisionObjectCountGet
                0x000000000380741c       0x18 /Applications/VEXcode Pro V5.app/Contents/Resources/sdk/vexv5/libv5rt.a(v5_apiuser.c.obj)
                0x000000000380741c                vexVisionObjectCountGet
 .text.vexVisionObjectGet
                0x0000000003807434       0x28 /Applications/VEXcode Pro V5.app/Contents/Resources/sdk/vexv5/libv5rt.a(v5_apiuser.c.obj)
                0x0000000003807434                vexVisionObjectGet
 .text.vexVisionSignatureSet
                0x000000000380745c       0x20 /Applications/VEXcode Pro V5.app/Contents/Resources/sdk/vexv5/libv5rt.a(v5_apiuser.c.obj)
                0x000000000380745c                vexVisionSignatureSet
 .text.vexVisionBrightnessSet
                0x000000000380747c       0x20 /Applications/VEXcode Pro V5.app/Contents/Resources/sdk/vexv5/libv5rt.a(v5_apiuser.c.obj)
                0x000000000380747c                vexVisionBrightnessSet
 .text.vexVisionLedModeSet
                0x000000000380749c       0x20 /Applications/VEXcode Pro V5.app/Contents/Resources/sdk/vexv5/libv5rt.a(v5_apiuser.c.obj)
                0x000000000380749c                vexVisionLedModeSet
 .text.vexVisionLedColorSet
                0x00000000038074bc       0x2c /Applications/VEXcode Pro V5.app/Contents/Resources/sdk/vexv5/libv5rt.a(v5_apiuser.c.obj)
                0x00000000038074bc                vexVisionLedColorSet
 .text.vexImuReset
                0x00000000038074e8       0x10 /Applications/VEXcode Pro V5.app/Contents/Resources/sdk/vexv5/libv5rt.a(v5_apiuser.c.obj)
                0x00000000038074e8                vexImuReset
 .text.vexImuHeadingGet
                0x00000000038074f8       0x10 /Applications/VEXcode Pro V5.app/Contents/Resources/sdk/vexv5/libv5rt.a(v5_apiuser.c.obj)
                0x00000000038074f8                vexImuHeadingGet
 .text.vexImuDegreesGet
                0x0000000003807508       0x10 /Applications/VEXcode Pro V5.app/Contents/Resources/sdk/vexv5/libv5rt.a(v5_apiuser.c.obj)
                0x0000000003807508                vexImuDegreesGet
 .text.vexImuStatusGet
                0x0000000003807518       0x10 /Applications/VEXcode Pro V5.app/Contents/Resources/sdk/vexv5/libv5rt.a(v5_apiuser.c.obj)
                0x0000000003807518                vexImuStatusGet
 .text.vexDistanceDistanceGet
                0x0000000003807528       0x10 /Applications/VEXcode Pro V5.app/Contents/Resources/sdk/vexv5/libv5rt.a(v5_apiuser.c.obj)
                0x0000000003807528                vexDistanceDistanceGet
 .text.vexDistanceObjectSizeGet
                0x0000000003807538       0x10 /Applications/VEXcode Pro V5.app/Contents/Resources/sdk/vexv5/libv5rt.a(v5_apiuser.c.obj)
                0x0000000003807538                vexDistanceObjectSizeGet
 .text.vexEventMaskSet
                0x0000000003807548       0x28 /Applications/VEXcode Pro V5.app/Contents/Resources/sdk/vexv5/libv5rt.a(v5_apiuser.c.obj)
                0x0000000003807548                vexEventMaskSet
 .text.vexEventMaskGet
                0x0000000003807570       0x18 /Applications/VEXcode Pro V5.app/Contents/Resources/sdk/vexv5/libv5rt.a(v5_apiuser.c.obj)
                0x0000000003807570                vexEventMaskGet
 .text._ZN3vex6deviceD2Ev
                0x0000000003807588        0x4 /Applications/VEXcode Pro V5.app/Contents/Resources/sdk/vexv5/libv5rt.a(vex_device.cpp.obj)
                0x0000000003807588                vex::device::~device()
                0x0000000003807588                vex::device::~device()
 .text._ZN3vex6device5valueEv
                0x000000000380758c        0x8 /Applications/VEXcode Pro V5.app/Contents/Resources/sdk/vexv5/libv5rt.a(vex_device.cpp.obj)
                0x000000000380758c                vex::device::value()
 .text._ZN3vex6deviceD0Ev
                0x0000000003807594       0x14 /Applications/VEXcode Pro V5.app/Contents/Resources/sdk/vexv5/libv5rt.a(vex_device.cpp.obj)
                0x0000000003807594                vex::device::~device()
 .text._ZN3vex6device4initEl
                0x00000000038075a8       0x30 /Applications/VEXcode Pro V5.app/Contents/Resources/sdk/vexv5/libv5rt.a(vex_device.cpp.obj)
                0x00000000038075a8                vex::device::init(long)
 .text._ZN3vex6deviceC2El
                0x00000000038075d8       0x20 /Applications/VEXcode Pro V5.app/Contents/Resources/sdk/vexv5/libv5rt.a(vex_device.cpp.obj)
                0x00000000038075d8                vex::device::device(long)
                0x00000000038075d8                vex::device::device(long)
 .text._ZN3vex6device4typeEv
                0x00000000038075f8       0x10 /Applications/VEXcode Pro V5.app/Contents/Resources/sdk/vexv5/libv5rt.a(vex_device.cpp.obj)
                0x00000000038075f8                vex::device::type()
 .text._ZN3vex6device9installedEv
                0x0000000003807608       0x14 /Applications/VEXcode Pro V5.app/Contents/Resources/sdk/vexv5/libv5rt.a(vex_device.cpp.obj)
                0x0000000003807608                vex::device::installed()
 .text._ZN3vex4taskC2EPFivE
                0x000000000380761c       0x5c /Applications/VEXcode Pro V5.app/Contents/Resources/sdk/vexv5/libv5rt.a(vex_task.cpp.obj)
                0x000000000380761c                vex::task::task(int (*)())
                0x000000000380761c                vex::task::task(int (*)())
 .text._ZN3vex4taskD2Ev
                0x0000000003807678        0x4 /Applications/VEXcode Pro V5.app/Contents/Resources/sdk/vexv5/libv5rt.a(vex_task.cpp.obj)
                0x0000000003807678                vex::task::~task()
                0x0000000003807678                vex::task::~task()
 .text._ZN3vex4task4stopERKS0_
                0x000000000380767c       0x18 /Applications/VEXcode Pro V5.app/Contents/Resources/sdk/vexv5/libv5rt.a(vex_task.cpp.obj)
                0x000000000380767c                vex::task::stop(vex::task const&)
 .text._ZN3vex4task6_indexEPFivE
                0x0000000003807694       0x14 /Applications/VEXcode Pro V5.app/Contents/Resources/sdk/vexv5/libv5rt.a(vex_task.cpp.obj)
                0x0000000003807694                vex::task::_index(int (*)())
 .text._ZN3vex4task8_stopAllEv
                0x00000000038076a8       0x3c /Applications/VEXcode Pro V5.app/Contents/Resources/sdk/vexv5/libv5rt.a(vex_task.cpp.obj)
                0x00000000038076a8                vex::task::_stopAll()
 .text._ZN10__cxxabiv120__si_class_type_infoD2Ev
                0x00000000038076e4       0x14 /Applications/VEXcode Pro V5.app/Contents/Resources/sdk/vexv5/gcc/libs/libstdc++.a(si_class_type_info.o)
                0x00000000038076e4                __cxxabiv1::__si_class_type_info::~__si_class_type_info()
                0x00000000038076e4                __cxxabiv1::__si_class_type_info::~__si_class_type_info()
 .text._ZN10__cxxabiv120__si_class_type_infoD0Ev
                0x00000000038076f8       0x1c /Applications/VEXcode Pro V5.app/Contents/Resources/sdk/vexv5/gcc/libs/libstdc++.a(si_class_type_info.o)
                0x00000000038076f8                __cxxabiv1::__si_class_type_info::~__si_class_type_info()
 .text._ZNK10__cxxabiv120__si_class_type_info20__do_find_public_srcEiPKvPKNS_17__class_type_infoES2_
                0x0000000003807714       0x3c /Applications/VEXcode Pro V5.app/Contents/Resources/sdk/vexv5/gcc/libs/libstdc++.a(si_class_type_info.o)
                0x0000000003807714                __cxxabiv1::__si_class_type_info::__do_find_public_src(int, void const*, __cxxabiv1::__class_type_info const*, void const*) const
 .text._ZNK10__cxxabiv120__si_class_type_info12__do_dyncastEiNS_17__class_type_info10__sub_kindEPKS1_PKvS4_S6_RNS1_16__dyncast_resultE
                0x0000000003807750       0x8c /Applications/VEXcode Pro V5.app/Contents/Resources/sdk/vexv5/gcc/libs/libstdc++.a(si_class_type_info.o)
                0x0000000003807750                __cxxabiv1::__si_class_type_info::__do_dyncast(int, __cxxabiv1::__class_type_info::__sub_kind, __cxxabiv1::__class_type_info const*, void const*, __cxxabiv1::__class_type_info const*, void const*, __cxxabiv1::__class_type_info::__dyncast_result&) const
 .text._ZNK10__cxxabiv120__si_class_type_info11__do_upcastEPKNS_17__class_type_infoEPKvRNS1_15__upcast_resultE
                0x00000000038077dc       0x2c /Applications/VEXcode Pro V5.app/Contents/Resources/sdk/vexv5/gcc/libs/libstdc++.a(si_class_type_info.o)
                0x00000000038077dc                __cxxabiv1::__si_class_type_info::__do_upcast(__cxxabiv1::__class_type_info const*, void const*, __cxxabiv1::__class_type_info::__upcast_result&) const
 .text._ZNSt8ios_base17_M_call_callbacksENS_5eventE
                0x0000000003807808       0x34 /Applications/VEXcode Pro V5.app/Contents/Resources/sdk/vexv5/gcc/libs/libstdc++.a(ios.o)
                0x0000000003807808                std::ios_base::_M_call_callbacks(std::ios_base::event)
 .text._ZNSt8ios_base20_M_dispose_callbacksEv
                0x000000000380783c       0x2c /Applications/VEXcode Pro V5.app/Contents/Resources/sdk/vexv5/gcc/libs/libstdc++.a(ios.o)
                0x000000000380783c                std::ios_base::_M_dispose_callbacks()
 .text._ZNSt8ios_baseD2Ev
                0x0000000003807868       0x38 /Applications/VEXcode Pro V5.app/Contents/Resources/sdk/vexv5/gcc/libs/libstdc++.a(ios.o)
                0x0000000003807868                std::ios_base::~ios_base()
                0x0000000003807868                std::ios_base::~ios_base()
 .text._ZNSt8ios_baseD0Ev
                0x00000000038078a0       0x14 /Applications/VEXcode Pro V5.app/Contents/Resources/sdk/vexv5/gcc/libs/libstdc++.a(ios.o)
                0x00000000038078a0                std::ios_base::~ios_base()
 .text._ZNK10__cxxabiv117__class_type_info11__do_upcastEPKS0_PPv
                0x00000000038078b4       0x38 /Applications/VEXcode Pro V5.app/Contents/Resources/sdk/vexv5/gcc/libs/libstdc++.a(class_type_info.o)
                0x00000000038078b4                __cxxabiv1::__class_type_info::__do_upcast(__cxxabiv1::__class_type_info const*, void**) const
 .text._ZNK10__cxxabiv117__class_type_info20__do_find_public_srcEiPKvPKS0_S2_
                0x00000000038078ec        0xc /Applications/VEXcode Pro V5.app/Contents/Resources/sdk/vexv5/gcc/libs/libstdc++.a(class_type_info.o)
                0x00000000038078ec                __cxxabiv1::__class_type_info::__do_find_public_src(int, void const*, __cxxabiv1::__class_type_info const*, void const*) const
 .text._ZN10__cxxabiv117__class_type_infoD2Ev
                0x00000000038078f8       0x14 /Applications/VEXcode Pro V5.app/Contents/Resources/sdk/vexv5/gcc/libs/libstdc++.a(class_type_info.o)
                0x00000000038078f8                __cxxabiv1::__class_type_info::~__class_type_info()
                0x00000000038078f8                __cxxabiv1::__class_type_info::~__class_type_info()
 .text._ZN10__cxxabiv117__class_type_infoD0Ev
                0x000000000380790c       0x1c /Applications/VEXcode Pro V5.app/Contents/Resources/sdk/vexv5/gcc/libs/libstdc++.a(class_type_info.o)
                0x000000000380790c                __cxxabiv1::__class_type_info::~__class_type_info()
 .text._ZNK10__cxxabiv117__class_type_info11__do_upcastEPKS0_PKvRNS0_15__upcast_resultE
                0x0000000003807928       0x18 /Applications/VEXcode Pro V5.app/Contents/Resources/sdk/vexv5/gcc/libs/libstdc++.a(class_type_info.o)
                0x0000000003807928                __cxxabiv1::__class_type_info::__do_upcast(__cxxabiv1::__class_type_info const*, void const*, __cxxabiv1::__class_type_info::__upcast_result&) const
 .text._ZNK10__cxxabiv117__class_type_info10__do_catchEPKSt9type_infoPPvj
                0x0000000003807940       0x2c /Applications/VEXcode Pro V5.app/Contents/Resources/sdk/vexv5/gcc/libs/libstdc++.a(class_type_info.o)
                0x0000000003807940                __cxxabiv1::__class_type_info::__do_catch(std::type_info const*, void**, unsigned int) const
 .text._ZNK10__cxxabiv117__class_type_info12__do_dyncastEiNS0_10__sub_kindEPKS0_PKvS3_S5_RNS0_16__dyncast_resultE
                0x000000000380796c       0x40 /Applications/VEXcode Pro V5.app/Contents/Resources/sdk/vexv5/gcc/libs/libstdc++.a(class_type_info.o)
                0x000000000380796c                __cxxabiv1::__class_type_info::__do_dyncast(int, __cxxabiv1::__class_type_info::__sub_kind, __cxxabiv1::__class_type_info const*, void const*, __cxxabiv1::__class_type_info const*, void const*, __cxxabiv1::__class_type_info::__dyncast_result&) const
 .text._ZNSt9type_infoD2Ev
                0x00000000038079ac        0x4 /Applications/VEXcode Pro V5.app/Contents/Resources/sdk/vexv5/gcc/libs/libstdc++.a(tinfo.o)
                0x00000000038079ac                std::type_info::~type_info()
                0x00000000038079ac                std::type_info::~type_info()
 .text._ZNKSt9type_info14__is_pointer_pEv
                0x00000000038079b0        0x4 /Applications/VEXcode Pro V5.app/Contents/Resources/sdk/vexv5/gcc/libs/libstdc++.a(tinfo.o)
                0x00000000038079b0                std::type_info::__is_pointer_p() const
 .text._ZNKSt9type_info15__is_function_pEv
                0x00000000038079b4        0x4 /Applications/VEXcode Pro V5.app/Contents/Resources/sdk/vexv5/gcc/libs/libstdc++.a(tinfo.o)
                0x00000000038079b4                std::type_info::__is_function_p() const
 .text._ZNKSt9type_infoeqERKS_
                0x00000000038079b8       0x2c /Applications/VEXcode Pro V5.app/Contents/Resources/sdk/vexv5/gcc/libs/libstdc++.a(tinfo.o)
                0x00000000038079b8                std::type_info::operator==(std::type_info const&) const
 .text._ZN10__cxxabiv121__vmi_class_type_infoD2Ev
                0x00000000038079e4       0x14 /Applications/VEXcode Pro V5.app/Contents/Resources/sdk/vexv5/gcc/libs/libstdc++.a(vmi_class_type_info.o)
                0x00000000038079e4                __cxxabiv1::__vmi_class_type_info::~__vmi_class_type_info()
                0x00000000038079e4                __cxxabiv1::__vmi_class_type_info::~__vmi_class_type_info()
 .text._ZN10__cxxabiv121__vmi_class_type_infoD0Ev
                0x00000000038079f8       0x1c /Applications/VEXcode Pro V5.app/Contents/Resources/sdk/vexv5/gcc/libs/libstdc++.a(vmi_class_type_info.o)
                0x00000000038079f8                __cxxabiv1::__vmi_class_type_info::~__vmi_class_type_info()
 .text._ZNK10__cxxabiv121__vmi_class_type_info20__do_find_public_srcEiPKvPKNS_17__class_type_infoES2_
                0x0000000003807a14       0x8c /Applications/VEXcode Pro V5.app/Contents/Resources/sdk/vexv5/gcc/libs/libstdc++.a(vmi_class_type_info.o)
                0x0000000003807a14                __cxxabiv1::__vmi_class_type_info::__do_find_public_src(int, void const*, __cxxabiv1::__class_type_info const*, void const*) const
 .text._ZNK10__cxxabiv121__vmi_class_type_info12__do_dyncastEiNS_17__class_type_info10__sub_kindEPKS1_PKvS4_S6_RNS1_16__dyncast_resultE
                0x0000000003807aa0      0x380 /Applications/VEXcode Pro V5.app/Contents/Resources/sdk/vexv5/gcc/libs/libstdc++.a(vmi_class_type_info.o)
                0x0000000003807aa0                __cxxabiv1::__vmi_class_type_info::__do_dyncast(int, __cxxabiv1::__class_type_info::__sub_kind, __cxxabiv1::__class_type_info const*, void const*, __cxxabiv1::__class_type_info const*, void const*, __cxxabiv1::__class_type_info::__dyncast_result&) const
 .text._ZNK10__cxxabiv121__vmi_class_type_info11__do_upcastEPKNS_17__class_type_infoEPKvRNS1_15__upcast_resultE
                0x0000000003807e20      0x164 /Applications/VEXcode Pro V5.app/Contents/Resources/sdk/vexv5/gcc/libs/libstdc++.a(vmi_class_type_info.o)
                0x0000000003807e20                __cxxabiv1::__vmi_class_type_info::__do_upcast(__cxxabiv1::__class_type_info const*, void const*, __cxxabiv1::__class_type_info::__upcast_result&) const
 .text.__libc_fini_array
                0x0000000003807f84       0x30 /Applications/VEXcode Pro V5.app/Contents/Resources/sdk/vexv5/gcc/libs/libc.a(lib_a-fini.o)
                0x0000000003807f84                __libc_fini_array
 .text.__libc_init_array
                0x0000000003807fb4       0x58 /Applications/VEXcode Pro V5.app/Contents/Resources/sdk/vexv5/gcc/libs/libc.a(lib_a-init.o)
                0x0000000003807fb4                __libc_init_array
 *fill*         0x000000000380800c        0x4 
 .text.__libc_init_array.__stub
                0x0000000003808010       0x18 linker stubs
 *(.gnu.linkonce.t.*)
 *(.plt)
 *(.gnu_warning)
 *(.gcc_except_table)
 *(.glue_7)
 .glue_7        0x0000000003808028        0x0 linker stubs
 *(.glue_7t)
 .glue_7t       0x0000000003808028        0x0 linker stubs
 *(.vfp11_veneer)
 .vfp11_veneer  0x0000000003808028        0x0 linker stubs
 *(.ARM.extab)
 *(.gnu.linkonce.armextab.*)

.v4_bx          0x0000000003808028        0x0
 .v4_bx         0x0000000003808028        0x0 linker stubs

.iplt           0x0000000003808028        0x0
 .iplt          0x0000000003808028        0x0 build/src/AutoFunctions.o

.init
 *(.init)

.fini
 *(.fini)

.rodata         0x0000000003808028      0x4a0
                0x0000000003808028                __rodata_start = .
 *(.rodata)
 *(.rodata.*)
 .rodata.str1.1
                0x0000000003808028        0x5 build/src/AutoFunctions.o
 .rodata.str1.1
                0x000000000380802d       0x2c build/src/EncoderOdometry.o
                                         0x36 (size before relaxing)
 .rodata.str1.1
                0x0000000003808059       0x14 build/src/main.o
 .rodata.str1.1
                0x000000000380806d       0x2e /Applications/VEXcode Pro V5.app/Contents/Resources/sdk/vexv5/libv5rt.a(v5_startup.c.obj)
 *fill*         0x000000000380809b        0x1 
 .rodata._ZN3vex6PORT20E
                0x000000000380809c        0x4 /Applications/VEXcode Pro V5.app/Contents/Resources/sdk/vexv5/libv5rt.a(vex_global.cpp.obj)
                0x000000000380809c                vex::PORT20
 .rodata._ZN3vex3fwdE